Archive member included to satisfy reference by file (symbol)

C:\Users\tante\Documents\MCUXpressoIDE_11.4.0_6224\driversWorkspace\CMSISv2p00_LPC17xx\Debug\libCMSISv2p00_LPC17xx.a(system_LPC17xx.o)
                              ./src/cr_startup_lpc175x_6x.o (SystemInit)
C:\Users\tante\Documents\MCUXpressoIDE_11.4.0_6224\driversWorkspace\CMSISv2p00_LPC17xx\Debug\libCMSISv2p00_LPC17xx.a(lpc17xx_gpio.o)
                              ./src/TPFinal.o (GPIO_SetDir)
C:\Users\tante\Documents\MCUXpressoIDE_11.4.0_6224\driversWorkspace\CMSISv2p00_LPC17xx\Debug\libCMSISv2p00_LPC17xx.a(lpc17xx_pinsel.o)
                              ./src/TPFinal.o (PINSEL_ConfigPin)
C:\Users\tante\Documents\MCUXpressoIDE_11.4.0_6224\driversWorkspace\CMSISv2p00_LPC17xx\Debug\libCMSISv2p00_LPC17xx.a(lpc17xx_timer.o)
                              ./src/TPFinal.o (TIM_Init)
C:\Users\tante\Documents\MCUXpressoIDE_11.4.0_6224\driversWorkspace\CMSISv2p00_LPC17xx\Debug\libCMSISv2p00_LPC17xx.a(lpc17xx_uart.o)
                              ./src/TPFinal.o (UART_Init)
C:\Users\tante\Documents\MCUXpressoIDE_11.4.0_6224\driversWorkspace\CMSISv2p00_LPC17xx\Debug\libCMSISv2p00_LPC17xx.a(lpc17xx_clkpwr.o)
                              C:\Users\tante\Documents\MCUXpressoIDE_11.4.0_6224\driversWorkspace\CMSISv2p00_LPC17xx\Debug\libCMSISv2p00_LPC17xx.a(lpc17xx_timer.o) (CLKPWR_SetPCLKDiv)
C:\Users\tante\Documents\MCUXpressoIDE_11.4.0_6224\driversWorkspace\CMSISv2p00_LPC17xx\Debug\libCMSISv2p00_LPC17xx.a(lpc17xx_libcfg_default.o)
                              C:\Users\tante\Documents\MCUXpressoIDE_11.4.0_6224\driversWorkspace\CMSISv2p00_LPC17xx\Debug\libCMSISv2p00_LPC17xx.a(lpc17xx_timer.o) (check_failed)
c:/nxp/mcuxpressoide_11.4.0_6224/ide/plugins/com.nxp.mcuxpresso.tools.win32_11.4.0.202103011116/tools/bin/../lib/gcc/arm-none-eabi/10.2.1/../../../../arm-none-eabi/lib/thumb/v7-m/nofp\libcr_c.a(__weak__main.o)
                              ./src/cr_startup_lpc175x_6x.o (__main)
c:/nxp/mcuxpressoide_11.4.0_6224/ide/plugins/com.nxp.mcuxpresso.tools.win32_11.4.0.202103011116/tools/bin/../lib/gcc/arm-none-eabi/10.2.1/thumb/v7-m/nofp\libcr_eabihelpers.a(division_64.o)
                              C:\Users\tante\Documents\MCUXpressoIDE_11.4.0_6224\driversWorkspace\CMSISv2p00_LPC17xx\Debug\libCMSISv2p00_LPC17xx.a(system_LPC17xx.o) (__aeabi_ldivmod)
c:/nxp/mcuxpressoide_11.4.0_6224/ide/plugins/com.nxp.mcuxpresso.tools.win32_11.4.0.202103011116/tools/bin/../lib/gcc/arm-none-eabi/10.2.1/thumb/v7-m/nofp\libcr_eabihelpers.a(division_idiv0.o)
                              c:/nxp/mcuxpressoide_11.4.0_6224/ide/plugins/com.nxp.mcuxpresso.tools.win32_11.4.0.202103011116/tools/bin/../lib/gcc/arm-none-eabi/10.2.1/thumb/v7-m/nofp\libcr_eabihelpers.a(division_64.o) (__aeabi_idiv0)
c:/nxp/mcuxpressoide_11.4.0_6224/ide/plugins/com.nxp.mcuxpresso.tools.win32_11.4.0.202103011116/tools/bin/../lib/gcc/arm-none-eabi/10.2.1/thumb/v7-m/nofp\libcr_eabihelpers.a(double.o)
                              ./src/TPFinal.o (__aeabi_dmul)

Discarded input sections

 .group         0x00000000        0xc ./src/TPFinal.o
 .group         0x00000000        0xc ./src/TPFinal.o
 .group         0x00000000        0xc ./src/TPFinal.o
 .group         0x00000000        0xc ./src/TPFinal.o
 .group         0x00000000        0xc ./src/TPFinal.o
 .group         0x00000000        0xc ./src/TPFinal.o
 .group         0x00000000        0xc ./src/TPFinal.o
 .group         0x00000000        0xc ./src/TPFinal.o
 .group         0x00000000        0xc ./src/TPFinal.o
 .group         0x00000000        0xc ./src/TPFinal.o
 .group         0x00000000        0xc ./src/TPFinal.o
 .group         0x00000000        0xc ./src/TPFinal.o
 .group         0x00000000        0xc ./src/TPFinal.o
 .group         0x00000000        0xc ./src/TPFinal.o
 .group         0x00000000        0xc ./src/TPFinal.o
 .group         0x00000000        0xc ./src/TPFinal.o
 .group         0x00000000        0xc ./src/TPFinal.o
 .group         0x00000000        0xc ./src/TPFinal.o
 .group         0x00000000        0xc ./src/TPFinal.o
 .group         0x00000000        0xc ./src/TPFinal.o
 .text          0x00000000        0x0 ./src/TPFinal.o
 .data          0x00000000        0x0 ./src/TPFinal.o
 .bss           0x00000000        0x0 ./src/TPFinal.o
 .text.LCD_ScrollMessage
                0x00000000       0xac ./src/TPFinal.o
 .text.DELAY_sec
                0x00000000       0x2e ./src/TPFinal.o
 .text.GPIO_PinFunction
                0x00000000       0x86 ./src/TPFinal.o
 .text.GPIO_PinToggle
                0x00000000       0x48 ./src/TPFinal.o
 .bss.estado_boton_anterior
                0x00000000        0x1 ./src/TPFinal.o
 .group         0x00000000        0xc ./src/cr_startup_lpc175x_6x.o
 .text          0x00000000        0x0 ./src/cr_startup_lpc175x_6x.o
 .data          0x00000000        0x0 ./src/cr_startup_lpc175x_6x.o
 .bss           0x00000000        0x0 ./src/cr_startup_lpc175x_6x.o
[...]
Memory Configuration

Name             Origin             Length             Attributes
MFlash512        0x00000000         0x00080000         xr
RamLoc32         0x10000000         0x00008000         xrw
RamAHB32         0x2007c000         0x00008000         xrw
*default*        0x00000000         0xffffffff

Linker script and memory map

LOAD ./src/TPFinal.o
LOAD ./src/cr_startup_lpc175x_6x.o
LOAD ./src/crp.o
LOAD C:\Users\tante\Documents\MCUXpressoIDE_11.4.0_6224\driversWorkspace\CMSISv2p00_LPC17xx\Debug\libCMSISv2p00_LPC17xx.a
START GROUP
LOAD c:/nxp/mcuxpressoide_11.4.0_6224/ide/plugins/com.nxp.mcuxpresso.tools.win32_11.4.0.202103011116/tools/bin/../lib/gcc/arm-none-eabi/10.2.1/../../../../arm-none-eabi/lib/thumb/v7-m/nofp\libcr_c.a
LOAD c:/nxp/mcuxpressoide_11.4.0_6224/ide/plugins/com.nxp.mcuxpresso.tools.win32_11.4.0.202103011116/tools/bin/../lib/gcc/arm-none-eabi/10.2.1/thumb/v7-m/nofp\libcr_eabihelpers.a
LOAD c:/nxp/mcuxpressoide_11.4.0_6224/ide/plugins/com.nxp.mcuxpresso.tools.win32_11.4.0.202103011116/tools/bin/../lib/gcc/arm-none-eabi/10.2.1/thumb/v7-m/nofp\libgcc.a
END GROUP
                0x00000000                __base_MFlash512 = 0x0
                0x00000000                __base_Flash = 0x0
                0x00080000                __top_MFlash512 = 0x80000
                0x00080000                __top_Flash = 0x80000
                0x10000000                __base_RamLoc32 = 0x10000000
                0x10000000                __base_RAM = 0x10000000
                0x10008000                __top_RamLoc32 = 0x10008000
                0x10008000                __top_RAM = 0x10008000
                0x2007c000                __base_RamAHB32 = 0x2007c000
                0x2007c000                __base_RAM2 = 0x2007c000
                0x20084000                __top_RamAHB32 = 0x20084000
                0x20084000                __top_RAM2 = 0x20084000

.text           0x00000000     0x2b1c
 FILL mask 0xff
                0x00000000                __vectors_start__ = ABSOLUTE (.)
 *(.isr_vector)
 .isr_vector    0x00000000       0xcc ./src/cr_startup_lpc175x_6x.o
                0x00000000                g_pfnVectors
                0x000000cc                . = ALIGN (0x4)
                0x000000cc                __section_table_start = .
                0x000000cc                __data_section_table = .
                0x000000cc        0x4 LONG 0x2b1c LOADADDR (.data)
                0x000000d0        0x4 LONG 0x10000000 ADDR (.data)
                0x000000d4        0x4 LONG 0x10 SIZEOF (.data)
                0x000000d8        0x4 LONG 0x2b1c LOADADDR (.data_RAM2)
                0x000000dc        0x4 LONG 0x2007c000 ADDR (.data_RAM2)
                0x000000e0        0x4 LONG 0x0 SIZEOF (.data_RAM2)
                0x000000e4                __data_section_table_end = .
                0x000000e4                __bss_section_table = .
                0x000000e4        0x4 LONG 0x10000010 ADDR (.bss)
                0x000000e8        0x4 LONG 0x30 SIZEOF (.bss)
                0x000000ec        0x4 LONG 0x2007c000 ADDR (.bss_RAM2)
                0x000000f0        0x4 LONG 0x0 SIZEOF (.bss_RAM2)
                0x000000f4                __bss_section_table_end = .
                0x000000f4                __section_table_end = .
 *(.after_vectors*)
 .after_vectors
                0x000000f4      0x130 ./src/cr_startup_lpc175x_6x.o
                0x000000f4                data_init
                0x00000138                bss_init
                0x00000170                ResetISR
                0x000001e8                NMI_Handler
                0x000001ee                HardFault_Handler
                0x000001f4                MemManage_Handler
                0x000001fa                BusFault_Handler
                0x00000200                UsageFault_Handler
                0x00000206                SVC_Handler
                0x0000020c                DebugMon_Handler
                0x00000212                PendSV_Handler
                0x00000218                SysTick_Handler
                0x0000021e                EINT3_IRQHandler
                0x0000021e                CANActivity_IRQHandler
                0x0000021e                TIMER3_IRQHandler
                0x0000021e                UART0_IRQHandler
                0x0000021e                UART1_IRQHandler
                0x0000021e                EINT2_IRQHandler
                0x0000021e                USBActivity_IRQHandler
                0x0000021e                IntDefaultHandler
                0x0000021e                I2C0_IRQHandler
                0x0000021e                I2C1_IRQHandler
                0x0000021e                PLL1_IRQHandler
                0x0000021e                SSP0_IRQHandler
                0x0000021e                I2S_IRQHandler
                0x0000021e                I2C2_IRQHandler
                0x0000021e                RTC_IRQHandler
                0x0000021e                SPI_IRQHandler
                0x0000021e                RIT_IRQHandler
                0x0000021e                EINT1_IRQHandler
                0x0000021e                UART2_IRQHandler
                0x0000021e                ADC_IRQHandler
                0x0000021e                SSP1_IRQHandler
                0x0000021e                USB_IRQHandler
                0x0000021e                BOD_IRQHandler
                0x0000021e                CAN_IRQHandler
                0x0000021e                WDT_IRQHandler
                0x0000021e                PWM1_IRQHandler
                0x0000021e                QEI_IRQHandler
                0x0000021e                PLL0_IRQHandler
                0x0000021e                DMA_IRQHandler
                0x0000021e                TIMER2_IRQHandler
                0x0000021e                UART3_IRQHandler
                0x0000021e                MCPWM_IRQHandler
                0x0000021e                ENET_IRQHandler
                0x000002fc                . = 0x2fc
 *fill*         0x00000224       0xd8 ff
                0x000002fc                PROVIDE (__CRP_WORD_START__ = .)
 *(.crp)
 .crp           0x000002fc        0x4 ./src/crp.o
                0x000002fc                CRP_WORD
                0x00000300                PROVIDE (__CRP_WORD_END__ = .)
                0x00000001                ASSERT (! ((__CRP_WORD_START__ == __CRP_WORD_END__)), Linker CRP Enabled, but no CRP_WORD provided within application)
 *(.text*)
 .text.NVIC_EnableIRQ
                0x00000300       0x30 ./src/TPFinal.o
 .text.NVIC_DisableIRQ
                0x00000330       0x34 ./src/TPFinal.o
 .text.LCD_SetUp
                0x00000364      0x118 ./src/TPFinal.o
                0x00000364                LCD_SetUp
 .text.LCD_Init
                0x0000047c       0x84 ./src/TPFinal.o
                0x0000047c                LCD_Init
 .text.LCD_Clear
                0x00000500       0x14 ./src/TPFinal.o
                0x00000500                LCD_Clear
 .text.LCD_GoToLine
                0x00000514       0x44 ./src/TPFinal.o
                0x00000514                LCD_GoToLine
 .text.LCD_GoToNextLine
                0x00000558       0x4c ./src/TPFinal.o
                0x00000558                LCD_GoToNextLine
 .text.LCD_CmdWrite
                0x000005a4       0x4c ./src/TPFinal.o
                0x000005a4                LCD_CmdWrite
 .text.LCD_DisplayChar
                0x000005f0       0x4c ./src/TPFinal.o
                0x000005f0                LCD_DisplayChar
 .text.LCD_DisplayString
                0x0000063c       0x2a ./src/TPFinal.o
                0x0000063c                LCD_DisplayString
 .text.LCD_DisplayNumber
                0x00000666      0x130 ./src/TPFinal.o
                0x00000666                LCD_DisplayNumber
 *fill*         0x00000796        0x2 ff
 .text.LCD_DisplayFloatNumber
                0x00000798       0x78 ./src/TPFinal.o
                0x00000798                LCD_DisplayFloatNumber
 .text.LCD_Printf
                0x00000810      0x34c ./src/TPFinal.o
                0x00000810                LCD_Printf
 .text.lcd_DataWrite
                0x00000b5c       0x4c ./src/TPFinal.o
 .text.lcd_BusyCheck
                0x00000ba8       0xb8 ./src/TPFinal.o
 .text.lcd_Reset
                0x00000c60       0x48 ./src/TPFinal.o
 .text.lcd_SendHigherNibble
                0x00000ca8       0x80 ./src/TPFinal.o
 .text.lcd_SendLowerNibble
                0x00000d28       0x88 ./src/TPFinal.o
 .text.lcd_SendCmdSignals
                0x00000db0       0x44 ./src/TPFinal.o
 .text.lcd_SendDataSignals
                0x00000df4       0x44 ./src/TPFinal.o
 .text.DELAY_us
                0x00000e38       0x42 ./src/TPFinal.o
                0x00000e38                DELAY_us
 .text.DELAY_ms
                0x00000e7a       0x2e ./src/TPFinal.o
                0x00000e7a                DELAY_ms
 .text.GPIO_PinDirection
                0x00000ea8       0x6a ./src/TPFinal.o
                0x00000ea8                GPIO_PinDirection
 .text.GPIO_PinWrite
                0x00000f12       0x68 ./src/TPFinal.o
                0x00000f12                GPIO_PinWrite
 .text.GPIO_PinRead
                0x00000f7a       0x56 ./src/TPFinal.o
                0x00000f7a                GPIO_PinRead
 .text.main     0x00000fd0      0x274 ./src/TPFinal.o
                0x00000fd0                main
 .text.conf_pines_sensor
                0x00001244       0x5a ./src/TPFinal.o
                0x00001244                conf_pines_sensor
 .text.conf_pines_leds
                0x0000129e       0x80 ./src/TPFinal.o
                0x0000129e                conf_pines_leds
 *fill*         0x0000131e        0x2 ff
 .text.conf_adc
                0x00001320       0x84 ./src/TPFinal.o
                0x00001320                conf_adc
 .text.config_timer3
                0x000013a4       0x58 ./src/TPFinal.o
                0x000013a4                config_timer3
 .text.config_timer0
                0x000013fc       0x64 ./src/TPFinal.o
                0x000013fc                config_timer0
 .text.disparo_medicion
                0x00001460       0x1c ./src/TPFinal.o
                0x00001460                disparo_medicion
 .text.config_timer1
                0x0000147c       0x60 ./src/TPFinal.o
                0x0000147c                config_timer1
 .text.TIMER1_IRQHandler
                0x000014dc       0x2c ./src/TPFinal.o
                0x000014dc                TIMER1_IRQHandler
 .text.config_timer2
                0x00001508       0x5c ./src/TPFinal.o
                0x00001508                config_timer2
 .text.comparacion
                0x00001564      0x1a4 ./src/TPFinal.o
                0x00001564                comparacion
 .text.conf_int_boton
                0x00001708       0x60 ./src/TPFinal.o
                0x00001708                conf_int_boton
 .text.EINT0_IRQHandler
                0x00001768       0x34 ./src/TPFinal.o
                0x00001768                EINT0_IRQHandler
 .text.TIMER0_IRQHandler
                0x0000179c       0x7c ./src/TPFinal.o
                0x0000179c                TIMER0_IRQHandler
 .text.act_timer
                0x00001818       0x58 ./src/TPFinal.o
                0x00001818                act_timer
 .text.conf_pin_buzzer
                0x00001870       0x2a ./src/TPFinal.o
                0x00001870                conf_pin_buzzer
 *fill*         0x0000189a        0x2 ff
 .text.off_buzzer
                0x0000189c       0x54 ./src/TPFinal.o
                0x0000189c                off_buzzer
 .text.conf_pin_uart
                0x000018f0       0x36 ./src/TPFinal.o
                0x000018f0                conf_pin_uart
 *fill*         0x00001926        0x2 ff
 .text.conf_uart
                0x00001928       0x44 ./src/TPFinal.o
                0x00001928                conf_uart
 .text.enviar_info_uart
                0x0000196c       0xec ./src/TPFinal.o
                0x0000196c                enviar_info_uart
 .text.SystemInit
                0x00001a58       0xd8 C:\Users\tante\Documents\MCUXpressoIDE_11.4.0_6224\driversWorkspace\CMSISv2p00_LPC17xx\Debug\libCMSISv2p00_LPC17xx.a(system_LPC17xx.o)
                0x00001a58                SystemInit
 .text.GPIO_GetPointer
                0x00001b30       0x12 C:\Users\tante\Documents\MCUXpressoIDE_11.4.0_6224\driversWorkspace\CMSISv2p00_LPC17xx\Debug\libCMSISv2p00_LPC17xx.a(lpc17xx_gpio.o)
 .text.GPIO_SetDir
                0x00001b42       0x18 C:\Users\tante\Documents\MCUXpressoIDE_11.4.0_6224\driversWorkspace\CMSISv2p00_LPC17xx\Debug\libCMSISv2p00_LPC17xx.a(lpc17xx_gpio.o)
                0x00001b42                GPIO_SetDir
 *fill*         0x00001b5a        0x2 ff
 .text.PINSEL_ConfigPin
                0x00001b5c       0x7c C:\Users\tante\Documents\MCUXpressoIDE_11.4.0_6224\driversWorkspace\CMSISv2p00_LPC17xx\Debug\libCMSISv2p00_LPC17xx.a(lpc17xx_pinsel.o)
                0x00001b5c                PINSEL_ConfigPin
 .text.TIM_Init
                0x00001bd8      0x15c C:\Users\tante\Documents\MCUXpressoIDE_11.4.0_6224\driversWorkspace\CMSISv2p00_LPC17xx\Debug\libCMSISv2p00_LPC17xx.a(lpc17xx_timer.o)
                0x00001bd8                TIM_Init
 .text.TIM_Cmd  0x00001d34       0x48 C:\Users\tante\Documents\MCUXpressoIDE_11.4.0_6224\driversWorkspace\CMSISv2p00_LPC17xx\Debug\libCMSISv2p00_LPC17xx.a(lpc17xx_timer.o)
                0x00001d34                TIM_Cmd
 .text.TIM_ResetCounter
                0x00001d7c       0x44 C:\Users\tante\Documents\MCUXpressoIDE_11.4.0_6224\driversWorkspace\CMSISv2p00_LPC17xx\Debug\libCMSISv2p00_LPC17xx.a(lpc17xx_timer.o)
                0x00001d7c                TIM_ResetCounter
 .text.TIM_ConfigMatch
                0x00001dc0       0xcc C:\Users\tante\Documents\MCUXpressoIDE_11.4.0_6224\driversWorkspace\CMSISv2p00_LPC17xx\Debug\libCMSISv2p00_LPC17xx.a(lpc17xx_timer.o)
                0x00001dc0                TIM_ConfigMatch
 .text.TIM_UpdateMatchValue
                0x00001e8c       0x54 C:\Users\tante\Documents\MCUXpressoIDE_11.4.0_6224\driversWorkspace\CMSISv2p00_LPC17xx\Debug\libCMSISv2p00_LPC17xx.a(lpc17xx_timer.o)
                0x00001e8c                TIM_UpdateMatchValue
 .text.UART_Init
                0x00001ee0      0x28c C:\Users\tante\Documents\MCUXpressoIDE_11.4.0_6224\driversWorkspace\CMSISv2p00_LPC17xx\Debug\libCMSISv2p00_LPC17xx.a(lpc17xx_uart.o)
                0x00001ee0                UART_Init
 .text.UART_ConfigStructInit
                0x0000216c       0x12 C:\Users\tante\Documents\MCUXpressoIDE_11.4.0_6224\driversWorkspace\CMSISv2p00_LPC17xx\Debug\libCMSISv2p00_LPC17xx.a(lpc17xx_uart.o)
                0x0000216c                UART_ConfigStructInit
 *fill*         0x0000217e        0x2 ff
 .text.UART_SendByte
                0x00002180       0x3c C:\Users\tante\Documents\MCUXpressoIDE_11.4.0_6224\driversWorkspace\CMSISv2p00_LPC17xx\Debug\libCMSISv2p00_LPC17xx.a(lpc17xx_uart.o)
                0x00002180                UART_SendByte
 .text.UART_Send
                0x000021bc       0x84 C:\Users\tante\Documents\MCUXpressoIDE_11.4.0_6224\driversWorkspace\CMSISv2p00_LPC17xx\Debug\libCMSISv2p00_LPC17xx.a(lpc17xx_uart.o)
                0x000021bc                UART_Send
 .text.UART_FIFOConfig
                0x00002240       0xa8 C:\Users\tante\Documents\MCUXpressoIDE_11.4.0_6224\driversWorkspace\CMSISv2p00_LPC17xx\Debug\libCMSISv2p00_LPC17xx.a(lpc17xx_uart.o)
                0x00002240                UART_FIFOConfig
 .text.UART_FIFOConfigStructInit
                0x000022e8        0xe C:\Users\tante\Documents\MCUXpressoIDE_11.4.0_6224\driversWorkspace\CMSISv2p00_LPC17xx\Debug\libCMSISv2p00_LPC17xx.a(lpc17xx_uart.o)
                0x000022e8                UART_FIFOConfigStructInit
 *fill*         0x000022f6        0x2 ff
 .text.UART_TxCmd
                0x000022f8       0x60 C:\Users\tante\Documents\MCUXpressoIDE_11.4.0_6224\driversWorkspace\CMSISv2p00_LPC17xx\Debug\libCMSISv2p00_LPC17xx.a(lpc17xx_uart.o)
                0x000022f8                UART_TxCmd
 .text.CLKPWR_SetPCLKDiv
                0x00002358       0x4c C:\Users\tante\Documents\MCUXpressoIDE_11.4.0_6224\driversWorkspace\CMSISv2p00_LPC17xx\Debug\libCMSISv2p00_LPC17xx.a(lpc17xx_clkpwr.o)
                0x00002358                CLKPWR_SetPCLKDiv
 .text.CLKPWR_GetPCLKSEL
                0x000023a4       0x20 C:\Users\tante\Documents\MCUXpressoIDE_11.4.0_6224\driversWorkspace\CMSISv2p00_LPC17xx\Debug\libCMSISv2p00_LPC17xx.a(lpc17xx_clkpwr.o)
                0x000023a4                CLKPWR_GetPCLKSEL
 .text.CLKPWR_GetPCLK
                0x000023c4       0x20 C:\Users\tante\Documents\MCUXpressoIDE_11.4.0_6224\driversWorkspace\CMSISv2p00_LPC17xx\Debug\libCMSISv2p00_LPC17xx.a(lpc17xx_clkpwr.o)
                0x000023c4                CLKPWR_GetPCLK
 .text.CLKPWR_ConfigPPWR
                0x000023e4       0x34 C:\Users\tante\Documents\MCUXpressoIDE_11.4.0_6224\driversWorkspace\CMSISv2p00_LPC17xx\Debug\libCMSISv2p00_LPC17xx.a(lpc17xx_clkpwr.o)
                0x000023e4                CLKPWR_ConfigPPWR
 .text.check_failed
                0x00002418        0x2 C:\Users\tante\Documents\MCUXpressoIDE_11.4.0_6224\driversWorkspace\CMSISv2p00_LPC17xx\Debug\libCMSISv2p00_LPC17xx.a(lpc17xx_libcfg_default.o)
                0x00002418                check_failed
 .text.__weak_main
                0x0000241a        0x4 c:/nxp/mcuxpressoide_11.4.0_6224/ide/plugins/com.nxp.mcuxpresso.tools.win32_11.4.0.202103011116/tools/bin/../lib/gcc/arm-none-eabi/10.2.1/../../../../arm-none-eabi/lib/thumb/v7-m/nofp\libcr_c.a(__weak__main.o)
                0x0000241a                __weak_main
                0x0000241a                __main
 .text.__aeabi_division_uldivmod
                0x0000241e      0x174 c:/nxp/mcuxpressoide_11.4.0_6224/ide/plugins/com.nxp.mcuxpresso.tools.win32_11.4.0.202103011116/tools/bin/../lib/gcc/arm-none-eabi/10.2.1/thumb/v7-m/nofp\libcr_eabihelpers.a(division_64.o)
                0x0000241e                __aeabi_uldivmod
                0x00002422                __bhs_ldivmod1
 .text.__aeabi_division_idiv0
                0x00002592        0x2 c:/nxp/mcuxpressoide_11.4.0_6224/ide/plugins/com.nxp.mcuxpresso.tools.win32_11.4.0.202103011116/tools/bin/../lib/gcc/arm-none-eabi/10.2.1/thumb/v7-m/nofp\libcr_eabihelpers.a(division_idiv0.o)
                0x00002592                __aeabi_idiv0
 .text.__aeabi_dmul
                0x00002594       0xfc c:/nxp/mcuxpressoide_11.4.0_6224/ide/plugins/com.nxp.mcuxpresso.tools.win32_11.4.0.202103011116/tools/bin/../lib/gcc/arm-none-eabi/10.2.1/thumb/v7-m/nofp\libcr_eabihelpers.a(double.o)
                0x00002594                __aeabi_dmul
 .text.__aeabi_dsub
                0x00002690      0x1ac c:/nxp/mcuxpressoide_11.4.0_6224/ide/plugins/com.nxp.mcuxpresso.tools.win32_11.4.0.202103011116/tools/bin/../lib/gcc/arm-none-eabi/10.2.1/thumb/v7-m/nofp\libcr_eabihelpers.a(double.o)
                0x00002690                __aeabi_dsub
 .text.__aeabi_dadd
                0x0000283c      0x110 c:/nxp/mcuxpressoide_11.4.0_6224/ide/plugins/com.nxp.mcuxpresso.tools.win32_11.4.0.202103011116/tools/bin/../lib/gcc/arm-none-eabi/10.2.1/thumb/v7-m/nofp\libcr_eabihelpers.a(double.o)
                0x0000283c                __aeabi_dadd
 .text.__aeabi_d2uiz
                0x0000294c       0x32 c:/nxp/mcuxpressoide_11.4.0_6224/ide/plugins/com.nxp.mcuxpresso.tools.win32_11.4.0.202103011116/tools/bin/../lib/gcc/arm-none-eabi/10.2.1/thumb/v7-m/nofp\libcr_eabihelpers.a(double.o)
                0x0000294c                __aeabi_d2uiz
 .text.__bhs_ui2d
                0x0000297e       0x46 c:/nxp/mcuxpressoide_11.4.0_6224/ide/plugins/com.nxp.mcuxpresso.tools.win32_11.4.0.202103011116/tools/bin/../lib/gcc/arm-none-eabi/10.2.1/thumb/v7-m/nofp\libcr_eabihelpers.a(double.o)
                0x0000297e                __bhs_ui2d
 .text.__aeabi_ui2d
                0x000029c4        0x8 c:/nxp/mcuxpressoide_11.4.0_6224/ide/plugins/com.nxp.mcuxpresso.tools.win32_11.4.0.202103011116/tools/bin/../lib/gcc/arm-none-eabi/10.2.1/thumb/v7-m/nofp\libcr_eabihelpers.a(double.o)
                0x000029c4                __aeabi_ui2d
 *(.rodata .rodata.* .constdata .constdata.*)
 .rodata.main.str1.4
                0x000029cc       0x57 ./src/TPFinal.o
 *fill*         0x00002a23        0x1 ff
 .rodata.enviar_info_uart.str1.4
                0x00002a24       0xd3 ./src/TPFinal.o
 .rodata.TIM_GetIntStatus.str1.1
                0x00002af7       0x11 C:\Users\tante\Documents\MCUXpressoIDE_11.4.0_6224\driversWorkspace\CMSISv2p00_LPC17xx\Debug\libCMSISv2p00_LPC17xx.a(lpc17xx_timer.o)
 .rodata.UART_Init.str1.1
                0x00002b08       0x10 C:\Users\tante\Documents\MCUXpressoIDE_11.4.0_6224\driversWorkspace\CMSISv2p00_LPC17xx\Debug\libCMSISv2p00_LPC17xx.a(lpc17xx_uart.o)
 .rodata.CSWTCH.5
                0x00002b18        0x4 C:\Users\tante\Documents\MCUXpressoIDE_11.4.0_6224\driversWorkspace\CMSISv2p00_LPC17xx\Debug\libCMSISv2p00_LPC17xx.a(lpc17xx_clkpwr.o)
                0x00002b1c                . = ALIGN (0x4)

.glue_7         0x00002b1c        0x0
 .glue_7        0x00002b1c        0x0 linker stubs

.glue_7t        0x00002b1c        0x0
 .glue_7t       0x00002b1c        0x0 linker stubs

.vfp11_veneer   0x00002b1c        0x0
 .vfp11_veneer  0x00002b1c        0x0 linker stubs

.v4_bx          0x00002b1c        0x0
 .v4_bx         0x00002b1c        0x0 linker stubs

.iplt           0x00002b1c        0x0
 .iplt          0x00002b1c        0x0 ./src/TPFinal.o

.rel.dyn        0x00002b1c        0x0
 .rel.iplt      0x00002b1c        0x0 ./src/TPFinal.o

.ARM.extab
 *(.ARM.extab* .gnu.linkonce.armextab.*)

.ARM.exidx      0x00002b1c        0x0
                0x00002b1c                __exidx_start = .
 *(.ARM.exidx* .gnu.linkonce.armexidx.*)
                0x00002b1c                __exidx_end = .
                0x00002b1c                _etext = .

.data_RAM2      0x2007c000        0x0 load address 0x00002b1c
 FILL mask 0xff
                [!provide]                PROVIDE (__start_data_RAM2 = .)
                [!provide]                PROVIDE (__start_data_RamAHB32 = .)
 *(.ramfunc.$RAM2)
 *(.ramfunc.$RamAHB32)
 *(.data.$RAM2)
 *(.data.$RamAHB32)
 *(.data.$RAM2.*)
 *(.data.$RamAHB32.*)
                0x2007c000                . = ALIGN (0x4)
                [!provide]                PROVIDE (__end_data_RAM2 = .)
                [!provide]                PROVIDE (__end_data_RamAHB32 = .)

.uninit_RESERVED
                0x10000000        0x0
                0x10000000                _start_uninit_RESERVED = .
 *(.bss.$RESERVED*)
                0x10000000                . = ALIGN (0x4)
                0x10000000                _end_uninit_RESERVED = .

.data           0x10000000       0x10 load address 0x00002b1c
 FILL mask 0xff
                0x10000000                _data = .
                [!provide]                PROVIDE (__start_data_RAM = .)
                [!provide]                PROVIDE (__start_data_RamLoc32 = .)
 *(vtable)
 *(.ramfunc*)
 *(CodeQuickAccess)
 *(DataQuickAccess)
 *(RamFunction)
 *(.data*)
 .data.ARR_LcdLineNumAddress_U8
                0x10000000        0x4 ./src/TPFinal.o
                0x10000000                ARR_LcdLineNumAddress_U8
 .data.dist_limite
                0x10000004        0x1 ./src/TPFinal.o
                0x10000004                dist_limite
 .data.modo_seteo
                0x10000005        0x1 ./src/TPFinal.o
                0x10000005                modo_seteo
 *fill*         0x10000006        0x2 ff
 .data.nivel_actual
                0x10000008        0x4 ./src/TPFinal.o
                0x10000008                nivel_actual
 .data.SystemCoreClock
                0x1000000c        0x4 C:\Users\tante\Documents\MCUXpressoIDE_11.4.0_6224\driversWorkspace\CMSISv2p00_LPC17xx\Debug\libCMSISv2p00_LPC17xx.a(system_LPC17xx.o)
                0x1000000c                SystemCoreClock
                0x10000010                . = ALIGN (0x4)
                0x10000010                _edata = .
                [!provide]                PROVIDE (__end_data_RAM = .)
                [!provide]                PROVIDE (__end_data_RamLoc32 = .)

.igot.plt       0x10000010        0x0 load address 0x00002b2c
 .igot.plt      0x10000010        0x0 ./src/TPFinal.o

.bss_RAM2       0x2007c000        0x0
                [!provide]                PROVIDE (__start_bss_RAM2 = .)
                [!provide]                PROVIDE (__start_bss_RamAHB32 = .)
 *(.bss.$RAM2)
 *(.bss.$RamAHB32)
 *(.bss.$RAM2.*)
 *(.bss.$RamAHB32.*)
                0x2007c000                . = ALIGN ((. != 0x0)?0x4:0x1)
                [!provide]                PROVIDE (__end_bss_RAM2 = .)
                [!provide]                PROVIDE (__end_bss_RamAHB32 = .)

.bss            0x10000010       0x30
                0x10000010                _bss = .
                [!provide]                PROVIDE (__start_bss_RAM = .)
                [!provide]                PROVIDE (__start_bss_RamLoc32 = .)
 *(.bss*)
 .bss.v_LcdTrackLineNum_U8
                0x10000010        0x1 ./src/TPFinal.o
                0x10000010                v_LcdTrackLineNum_U8
 .bss.v_LcdTrackCursorPos_U8
                0x10000011        0x1 ./src/TPFinal.o
                0x10000011                v_LcdTrackCursorPos_U8
 *fill*         0x10000012        0x2 
 .bss.LCDConfig
                0x10000014        0xe ./src/TPFinal.o
                0x10000014                LCDConfig
 .bss.ADC0Value
                0x10000022        0x2 ./src/TPFinal.o
                0x10000022                ADC0Value
 .bss.tiempo_echo
                0x10000024        0x4 ./src/TPFinal.o
                0x10000024                tiempo_echo
 .bss.dist_medida
                0x10000028        0x4 ./src/TPFinal.o
                0x10000028                dist_medida
 .bss.nivel_anterior
                0x1000002c        0x4 ./src/TPFinal.o
                0x1000002c                nivel_anterior
 .bss.cont_nivel
                0x10000030        0x4 ./src/TPFinal.o
                0x10000030                cont_nivel
 .bss.cont_nuevo_nivel
                0x10000034        0x4 ./src/TPFinal.o
                0x10000034                cont_nuevo_nivel
 .bss.debounce_cont
                0x10000038        0x4 ./src/TPFinal.o
                0x10000038                debounce_cont
 .bss.seteo     0x1000003c        0x1 ./src/TPFinal.o
                0x1000003c                seteo
 .bss.print_midiendo
                0x1000003d        0x1 ./src/TPFinal.o
                0x1000003d                print_midiendo
 *(COMMON)
                0x10000040                . = ALIGN (0x4)
 *fill*         0x1000003e        0x2 
                0x10000040                _ebss = .
                [!provide]                PROVIDE (__end_bss_RAM = .)
                [!provide]                PROVIDE (__end_bss_RamLoc32 = .)
                [!provide]                PROVIDE (end = .)

.noinit_RAM2    0x2007c000        0x0
                [!provide]                PROVIDE (__start_noinit_RAM2 = .)
                [!provide]                PROVIDE (__start_noinit_RamAHB32 = .)
 *(.noinit.$RAM2)
 *(.noinit.$RamAHB32)
 *(.noinit.$RAM2.*)
 *(.noinit.$RamAHB32.*)
                0x2007c000                . = ALIGN (0x4)
                [!provide]                PROVIDE (__end_noinit_RAM2 = .)
                [!provide]                PROVIDE (__end_noinit_RamAHB32 = .)

.noinit         0x10000040        0x0
                0x10000040                _noinit = .
                [!provide]                PROVIDE (__start_noinit_RAM = .)
                [!provide]                PROVIDE (__start_noinit_RamLoc32 = .)
 *(.noinit*)
                0x10000040                . = ALIGN (0x4)
                0x10000040                _end_noinit = .
                [!provide]                PROVIDE (__end_noinit_RAM = .)
                [!provide]                PROVIDE (__end_noinit_RamLoc32 = .)
                [!provide]                PROVIDE (_pvHeapStart = DEFINED (__user_heap_base)?__user_heap_base:.)
                0x10008000                PROVIDE (_vStackTop = DEFINED (__user_stack_top)?__user_stack_top:(__top_RamLoc32 - 0x0))
                0xefff74c6                PROVIDE (__valid_user_code_checksum = (0x0 - ((((((_vStackTop + (ResetISR + 0x1)) + (NMI_Handler + 0x1)) + (HardFault_Handler + 0x1)) + (DEFINED (MemManage_Handler)?MemManage_Handler:0x0 + 0x1)) + (DEFINED (BusFault_Handler)?BusFault_Handler:0x0 + 0x1)) + (DEFINED (UsageFault_Handler)?UsageFault_Handler:0x0 + 0x1))))
                0x00000000                _image_start = LOADADDR (.text)
                0x00002b2c                _image_end = (LOADADDR (.data) + SIZEOF (.data))
                0x00002b2c                _image_size = (_image_end - _image_start)
OUTPUT(TPFinal.axf elf32-littlearm)
LOAD linker stubs

.debug_info     0x00000000     0x6d06
 .debug_info    0x00000000     0x217b ./src/TPFinal.o
 .debug_info    0x0000217b      0x27f ./src/cr_startup_lpc175x_6x.o
 .debug_info    0x000023fa       0x40 ./src/crp.o
 .debug_info    0x0000243a      0x347 C:\Users\tante\Documents\MCUXpressoIDE_11.4.0_6224\driversWorkspace\CMSISv2p00_LPC17xx\Debug\libCMSISv2p00_LPC17xx.a(system_LPC17xx.o)
 .debug_info    0x00002781      0xfb3 C:\Users\tante\Documents\MCUXpressoIDE_11.4.0_6224\driversWorkspace\CMSISv2p00_LPC17xx\Debug\libCMSISv2p00_LPC17xx.a(lpc17xx_gpio.o)
 .debug_info    0x00003734      0x544 C:\Users\tante\Documents\MCUXpressoIDE_11.4.0_6224\driversWorkspace\CMSISv2p00_LPC17xx\Debug\libCMSISv2p00_LPC17xx.a(lpc17xx_pinsel.o)
 .debug_info    0x00003c78      0xc54 C:\Users\tante\Documents\MCUXpressoIDE_11.4.0_6224\driversWorkspace\CMSISv2p00_LPC17xx\Debug\libCMSISv2p00_LPC17xx.a(lpc17xx_timer.o)
 .debug_info    0x000048cc     0x1c9c C:\Users\tante\Documents\MCUXpressoIDE_11.4.0_6224\driversWorkspace\CMSISv2p00_LPC17xx\Debug\libCMSISv2p00_LPC17xx.a(lpc17xx_uart.o)
 .debug_info    0x00006568      0x6ca C:\Users\tante\Documents\MCUXpressoIDE_11.4.0_6224\driversWorkspace\CMSISv2p00_LPC17xx\Debug\libCMSISv2p00_LPC17xx.a(lpc17xx_clkpwr.o)
 .debug_info    0x00006c32       0xd4 C:\Users\tante\Documents\MCUXpressoIDE_11.4.0_6224\driversWorkspace\CMSISv2p00_LPC17xx\Debug\libCMSISv2p00_LPC17xx.a(lpc17xx_libcfg_default.o)

.debug_abbrev   0x00000000     0x1376
 .debug_abbrev  0x00000000      0x3c0 ./src/TPFinal.o
 .debug_abbrev  0x000003c0      0x122 ./src/cr_startup_lpc175x_6x.o
 .debug_abbrev  0x000004e2       0x38 ./src/crp.o
 .debug_abbrev  0x0000051a      0x10e C:\Users\tante\Documents\MCUXpressoIDE_11.4.0_6224\driversWorkspace\CMSISv2p00_LPC17xx\Debug\libCMSISv2p00_LPC17xx.a(system_LPC17xx.o)
 .debug_abbrev  0x00000628      0x303 C:\Users\tante\Documents\MCUXpressoIDE_11.4.0_6224\driversWorkspace\CMSISv2p00_LPC17xx\Debug\libCMSISv2p00_LPC17xx.a(lpc17xx_gpio.o)
 .debug_abbrev  0x0000092b      0x1b9 C:\Users\tante\Documents\MCUXpressoIDE_11.4.0_6224\driversWorkspace\CMSISv2p00_LPC17xx\Debug\libCMSISv2p00_LPC17xx.a(lpc17xx_pinsel.o)
 .debug_abbrev  0x00000ae4      0x2c8 C:\Users\tante\Documents\MCUXpressoIDE_11.4.0_6224\driversWorkspace\CMSISv2p00_LPC17xx\Debug\libCMSISv2p00_LPC17xx.a(lpc17xx_timer.o)
 .debug_abbrev  0x00000dac      0x364 C:\Users\tante\Documents\MCUXpressoIDE_11.4.0_6224\driversWorkspace\CMSISv2p00_LPC17xx\Debug\libCMSISv2p00_LPC17xx.a(lpc17xx_uart.o)
 .debug_abbrev  0x00001110      0x1f1 C:\Users\tante\Documents\MCUXpressoIDE_11.4.0_6224\driversWorkspace\CMSISv2p00_LPC17xx\Debug\libCMSISv2p00_LPC17xx.a(lpc17xx_clkpwr.o)
 .debug_abbrev  0x00001301       0x75 C:\Users\tante\Documents\MCUXpressoIDE_11.4.0_6224\driversWorkspace\CMSISv2p00_LPC17xx\Debug\libCMSISv2p00_LPC17xx.a(lpc17xx_libcfg_default.o)

.debug_aranges  0x00000000      0x568
 .debug_aranges
                0x00000000      0x1a0 ./src/TPFinal.o
 .debug_aranges
                0x000001a0       0x80 ./src/cr_startup_lpc175x_6x.o
 .debug_aranges
                0x00000220       0x18 ./src/crp.o
 .debug_aranges
                0x00000238       0x28 C:\Users\tante\Documents\MCUXpressoIDE_11.4.0_6224\driversWorkspace\CMSISv2p00_LPC17xx\Debug\libCMSISv2p00_LPC17xx.a(system_LPC17xx.o)
 .debug_aranges
                0x00000260       0xe8 C:\Users\tante\Documents\MCUXpressoIDE_11.4.0_6224\driversWorkspace\CMSISv2p00_LPC17xx\Debug\libCMSISv2p00_LPC17xx.a(lpc17xx_gpio.o)
 .debug_aranges
                0x00000348       0x30 C:\Users\tante\Documents\MCUXpressoIDE_11.4.0_6224\driversWorkspace\CMSISv2p00_LPC17xx\Debug\libCMSISv2p00_LPC17xx.a(lpc17xx_pinsel.o)
 .debug_aranges
                0x00000378       0x80 C:\Users\tante\Documents\MCUXpressoIDE_11.4.0_6224\driversWorkspace\CMSISv2p00_LPC17xx\Debug\libCMSISv2p00_LPC17xx.a(lpc17xx_timer.o)
 .debug_aranges
                0x000003f8       0xf8 C:\Users\tante\Documents\MCUXpressoIDE_11.4.0_6224\driversWorkspace\CMSISv2p00_LPC17xx\Debug\libCMSISv2p00_LPC17xx.a(lpc17xx_uart.o)
 .debug_aranges
                0x000004f0       0x58 C:\Users\tante\Documents\MCUXpressoIDE_11.4.0_6224\driversWorkspace\CMSISv2p00_LPC17xx\Debug\libCMSISv2p00_LPC17xx.a(lpc17xx_clkpwr.o)
 .debug_aranges
                0x00000548       0x20 C:\Users\tante\Documents\MCUXpressoIDE_11.4.0_6224\driversWorkspace\CMSISv2p00_LPC17xx\Debug\libCMSISv2p00_LPC17xx.a(lpc17xx_libcfg_default.o)

.debug_ranges   0x00000000      0x5d8
 .debug_ranges  0x00000000      0x190 ./src/TPFinal.o
 .debug_ranges  0x00000190       0x70 ./src/cr_startup_lpc175x_6x.o
 .debug_ranges  0x00000200       0x18 C:\Users\tante\Documents\MCUXpressoIDE_11.4.0_6224\driversWorkspace\CMSISv2p00_LPC17xx\Debug\libCMSISv2p00_LPC17xx.a(system_LPC17xx.o)
 .debug_ranges  0x00000218       0xf0 C:\Users\tante\Documents\MCUXpressoIDE_11.4.0_6224\driversWorkspace\CMSISv2p00_LPC17xx\Debug\libCMSISv2p00_LPC17xx.a(lpc17xx_gpio.o)
 .debug_ranges  0x00000308       0x60 C:\Users\tante\Documents\MCUXpressoIDE_11.4.0_6224\driversWorkspace\CMSISv2p00_LPC17xx\Debug\libCMSISv2p00_LPC17xx.a(lpc17xx_pinsel.o)
 .debug_ranges  0x00000368       0xe8 C:\Users\tante\Documents\MCUXpressoIDE_11.4.0_6224\driversWorkspace\CMSISv2p00_LPC17xx\Debug\libCMSISv2p00_LPC17xx.a(lpc17xx_timer.o)
 .debug_ranges  0x00000450      0x130 C:\Users\tante\Documents\MCUXpressoIDE_11.4.0_6224\driversWorkspace\CMSISv2p00_LPC17xx\Debug\libCMSISv2p00_LPC17xx.a(lpc17xx_uart.o)
 .debug_ranges  0x00000580       0x48 C:\Users\tante\Documents\MCUXpressoIDE_11.4.0_6224\driversWorkspace\CMSISv2p00_LPC17xx\Debug\libCMSISv2p00_LPC17xx.a(lpc17xx_clkpwr.o)
 .debug_ranges  0x000005c8       0x10 C:\Users\tante\Documents\MCUXpressoIDE_11.4.0_6224\driversWorkspace\CMSISv2p00_LPC17xx\Debug\libCMSISv2p00_LPC17xx.a(lpc17xx_libcfg_default.o)

.debug_macro    0x00000000     0x4371
 .debug_macro   0x00000000      0x10c ./src/TPFinal.o
 .debug_macro   0x0000010c      0xa7e ./src/TPFinal.o
 .debug_macro   0x00000b8a       0x1c ./src/TPFinal.o
 .debug_macro   0x00000ba6       0x2e ./src/TPFinal.o
 .debug_macro   0x00000bd4       0x10 ./src/TPFinal.o
 .debug_macro   0x00000be4      0x12e ./src/TPFinal.o
 .debug_macro   0x00000d12      0x5b3 ./src/TPFinal.o
 .debug_macro   0x000012c5       0x18 ./src/TPFinal.o
 .debug_macro   0x000012dd      0x7af ./src/TPFinal.o
 .debug_macro   0x00001a8c      0x2c7 ./src/TPFinal.o
 .debug_macro   0x00001d53       0x63 ./src/TPFinal.o
 .debug_macro   0x00001db6       0x40 ./src/TPFinal.o
 .debug_macro   0x00001df6      0x13f ./src/TPFinal.o
 .debug_macro   0x00001f35       0x22 ./src/TPFinal.o
 .debug_macro   0x00001f57       0x4c ./src/TPFinal.o
 .debug_macro   0x00001fa3       0xea ./src/TPFinal.o
 .debug_macro   0x0000208d      0x33a ./src/TPFinal.o
 .debug_macro   0x000023c7      0x21d ./src/TPFinal.o
 .debug_macro   0x000025e4       0x22 ./src/TPFinal.o
 .debug_macro   0x00002606       0x9a ./src/TPFinal.o
 .debug_macro   0x000026a0       0x1c ./src/TPFinal.o
 .debug_macro   0x000026bc       0x1d ./src/cr_startup_lpc175x_6x.o
 .debug_macro   0x000026d9       0x1a ./src/crp.o
 .debug_macro   0x000026f3       0x34 ./src/crp.o
 .debug_macro   0x00002727      0x12b C:\Users\tante\Documents\MCUXpressoIDE_11.4.0_6224\driversWorkspace\CMSISv2p00_LPC17xx\Debug\libCMSISv2p00_LPC17xx.a(system_LPC17xx.o)
 .debug_macro   0x00002852      0xa78 C:\Users\tante\Documents\MCUXpressoIDE_11.4.0_6224\driversWorkspace\CMSISv2p00_LPC17xx\Debug\libCMSISv2p00_LPC17xx.a(system_LPC17xx.o)
 .debug_macro   0x000032ca       0x96 C:\Users\tante\Documents\MCUXpressoIDE_11.4.0_6224\driversWorkspace\CMSISv2p00_LPC17xx\Debug\libCMSISv2p00_LPC17xx.a(lpc17xx_gpio.o)
 .debug_macro   0x00003360       0xdd C:\Users\tante\Documents\MCUXpressoIDE_11.4.0_6224\driversWorkspace\CMSISv2p00_LPC17xx\Debug\libCMSISv2p00_LPC17xx.a(lpc17xx_gpio.o)
 .debug_macro   0x0000343d       0x8d C:\Users\tante\Documents\MCUXpressoIDE_11.4.0_6224\driversWorkspace\CMSISv2p00_LPC17xx\Debug\libCMSISv2p00_LPC17xx.a(lpc17xx_pinsel.o)
 .debug_macro   0x000034ca       0x1c C:\Users\tante\Documents\MCUXpressoIDE_11.4.0_6224\driversWorkspace\CMSISv2p00_LPC17xx\Debug\libCMSISv2p00_LPC17xx.a(lpc17xx_pinsel.o)
 .debug_macro   0x000034e6      0x2c7 C:\Users\tante\Documents\MCUXpressoIDE_11.4.0_6224\driversWorkspace\CMSISv2p00_LPC17xx\Debug\libCMSISv2p00_LPC17xx.a(lpc17xx_pinsel.o)
 .debug_macro   0x000037ad       0xb2 C:\Users\tante\Documents\MCUXpressoIDE_11.4.0_6224\driversWorkspace\CMSISv2p00_LPC17xx\Debug\libCMSISv2p00_LPC17xx.a(lpc17xx_timer.o)
 .debug_macro   0x0000385f       0xe4 C:\Users\tante\Documents\MCUXpressoIDE_11.4.0_6224\driversWorkspace\CMSISv2p00_LPC17xx\Debug\libCMSISv2p00_LPC17xx.a(lpc17xx_timer.o)
 .debug_macro   0x00003943      0x2f1 C:\Users\tante\Documents\MCUXpressoIDE_11.4.0_6224\driversWorkspace\CMSISv2p00_LPC17xx\Debug\libCMSISv2p00_LPC17xx.a(lpc17xx_timer.o)
 .debug_macro   0x00003c34      0x145 C:\Users\tante\Documents\MCUXpressoIDE_11.4.0_6224\driversWorkspace\CMSISv2p00_LPC17xx\Debug\libCMSISv2p00_LPC17xx.a(lpc17xx_timer.o)
 .debug_macro   0x00003d79       0xa9 C:\Users\tante\Documents\MCUXpressoIDE_11.4.0_6224\driversWorkspace\CMSISv2p00_LPC17xx\Debug\libCMSISv2p00_LPC17xx.a(lpc17xx_uart.o)
 .debug_macro   0x00003e22      0x334 C:\Users\tante\Documents\MCUXpressoIDE_11.4.0_6224\driversWorkspace\CMSISv2p00_LPC17xx\Debug\libCMSISv2p00_LPC17xx.a(lpc17xx_uart.o)
 .debug_macro   0x00004156       0x8d C:\Users\tante\Documents\MCUXpressoIDE_11.4.0_6224\driversWorkspace\CMSISv2p00_LPC17xx\Debug\libCMSISv2p00_LPC17xx.a(lpc17xx_clkpwr.o)
 .debug_macro   0x000041e3       0x5a C:\Users\tante\Documents\MCUXpressoIDE_11.4.0_6224\driversWorkspace\CMSISv2p00_LPC17xx\Debug\libCMSISv2p00_LPC17xx.a(lpc17xx_libcfg_default.o)
 .debug_macro   0x0000423d       0x5d C:\Users\tante\Documents\MCUXpressoIDE_11.4.0_6224\driversWorkspace\CMSISv2p00_LPC17xx\Debug\libCMSISv2p00_LPC17xx.a(lpc17xx_libcfg_default.o)
 .debug_macro   0x0000429a       0xd7 C:\Users\tante\Documents\MCUXpressoIDE_11.4.0_6224\driversWorkspace\CMSISv2p00_LPC17xx\Debug\libCMSISv2p00_LPC17xx.a(lpc17xx_libcfg_default.o)

.debug_line     0x00000000     0x4442
 .debug_line    0x00000000     0x1012 ./src/TPFinal.o
 .debug_line    0x00001012      0x160 ./src/cr_startup_lpc175x_6x.o
 .debug_line    0x00001172       0xb1 ./src/crp.o
 .debug_line    0x00001223      0x434 C:\Users\tante\Documents\MCUXpressoIDE_11.4.0_6224\driversWorkspace\CMSISv2p00_LPC17xx\Debug\libCMSISv2p00_LPC17xx.a(system_LPC17xx.o)
 .debug_line    0x00001657      0x865 C:\Users\tante\Documents\MCUXpressoIDE_11.4.0_6224\driversWorkspace\CMSISv2p00_LPC17xx\Debug\libCMSISv2p00_LPC17xx.a(lpc17xx_gpio.o)
 .debug_line    0x00001ebc      0x388 C:\Users\tante\Documents\MCUXpressoIDE_11.4.0_6224\driversWorkspace\CMSISv2p00_LPC17xx\Debug\libCMSISv2p00_LPC17xx.a(lpc17xx_pinsel.o)
 .debug_line    0x00002244      0x95c C:\Users\tante\Documents\MCUXpressoIDE_11.4.0_6224\driversWorkspace\CMSISv2p00_LPC17xx\Debug\libCMSISv2p00_LPC17xx.a(lpc17xx_timer.o)
 .debug_line    0x00002ba0     0x1204 C:\Users\tante\Documents\MCUXpressoIDE_11.4.0_6224\driversWorkspace\CMSISv2p00_LPC17xx\Debug\libCMSISv2p00_LPC17xx.a(lpc17xx_uart.o)
 .debug_line    0x00003da4      0x472 C:\Users\tante\Documents\MCUXpressoIDE_11.4.0_6224\driversWorkspace\CMSISv2p00_LPC17xx\Debug\libCMSISv2p00_LPC17xx.a(lpc17xx_clkpwr.o)
 .debug_line    0x00004216      0x22c C:\Users\tante\Documents\MCUXpressoIDE_11.4.0_6224\driversWorkspace\CMSISv2p00_LPC17xx\Debug\libCMSISv2p00_LPC17xx.a(lpc17xx_libcfg_default.o)

.debug_str      0x00000000     0xf9dc
 .debug_str     0x00000000     0xcf6b ./src/TPFinal.o
                               0xd010 (size before relaxing)
 .debug_str     0x0000cf6b      0x1c2 ./src/cr_startup_lpc175x_6x.o
                               0x2ed1 (size before relaxing)
 .debug_str     0x0000d12d       0xe9 ./src/crp.o
                               0x2df2 (size before relaxing)
 .debug_str     0x0000d216      0x44b C:\Users\tante\Documents\MCUXpressoIDE_11.4.0_6224\driversWorkspace\CMSISv2p00_LPC17xx\Debug\libCMSISv2p00_LPC17xx.a(system_LPC17xx.o)
                               0x88c3 (size before relaxing)
 .debug_str     0x0000d661      0x467 C:\Users\tante\Documents\MCUXpressoIDE_11.4.0_6224\driversWorkspace\CMSISv2p00_LPC17xx\Debug\libCMSISv2p00_LPC17xx.a(lpc17xx_gpio.o)
                               0x8e1c (size before relaxing)
 .debug_str     0x0000dac8      0x107 C:\Users\tante\Documents\MCUXpressoIDE_11.4.0_6224\driversWorkspace\CMSISv2p00_LPC17xx\Debug\libCMSISv2p00_LPC17xx.a(lpc17xx_pinsel.o)
                               0x8d35 (size before relaxing)
 .debug_str     0x0000dbcf     0x1535 C:\Users\tante\Documents\MCUXpressoIDE_11.4.0_6224\driversWorkspace\CMSISv2p00_LPC17xx\Debug\libCMSISv2p00_LPC17xx.a(lpc17xx_timer.o)
                               0xaae2 (size before relaxing)
 .debug_str     0x0000f104      0x7bd C:\Users\tante\Documents\MCUXpressoIDE_11.4.0_6224\driversWorkspace\CMSISv2p00_LPC17xx\Debug\libCMSISv2p00_LPC17xx.a(lpc17xx_uart.o)
                               0xbb72 (size before relaxing)
 .debug_str     0x0000f8c1       0xee C:\Users\tante\Documents\MCUXpressoIDE_11.4.0_6224\driversWorkspace\CMSISv2p00_LPC17xx\Debug\libCMSISv2p00_LPC17xx.a(lpc17xx_clkpwr.o)
                               0x9abd (size before relaxing)
 .debug_str     0x0000f9af       0x2d C:\Users\tante\Documents\MCUXpressoIDE_11.4.0_6224\driversWorkspace\CMSISv2p00_LPC17xx\Debug\libCMSISv2p00_LPC17xx.a(lpc17xx_libcfg_default.o)
                               0x46ea (size before relaxing)

.comment        0x00000000       0x4d
 .comment       0x00000000       0x4d ./src/TPFinal.o
                                 0x4e (size before relaxing)
 .comment       0x0000004d       0x4e ./src/cr_startup_lpc175x_6x.o
 .comment       0x0000004d       0x4e ./src/crp.o
 .comment       0x0000004d       0x4e C:\Users\tante\Documents\MCUXpressoIDE_11.4.0_6224\driversWorkspace\CMSISv2p00_LPC17xx\Debug\libCMSISv2p00_LPC17xx.a(system_LPC17xx.o)
 .comment       0x0000004d       0x4e C:\Users\tante\Documents\MCUXpressoIDE_11.4.0_6224\driversWorkspace\CMSISv2p00_LPC17xx\Debug\libCMSISv2p00_LPC17xx.a(lpc17xx_gpio.o)
 .comment       0x0000004d       0x4e C:\Users\tante\Documents\MCUXpressoIDE_11.4.0_6224\driversWorkspace\CMSISv2p00_LPC17xx\Debug\libCMSISv2p00_LPC17xx.a(lpc17xx_pinsel.o)
 .comment       0x0000004d       0x4e C:\Users\tante\Documents\MCUXpressoIDE_11.4.0_6224\driversWorkspace\CMSISv2p00_LPC17xx\Debug\libCMSISv2p00_LPC17xx.a(lpc17xx_timer.o)
 .comment       0x0000004d       0x4e C:\Users\tante\Documents\MCUXpressoIDE_11.4.0_6224\driversWorkspace\CMSISv2p00_LPC17xx\Debug\libCMSISv2p00_LPC17xx.a(lpc17xx_uart.o)
 .comment       0x0000004d       0x4e C:\Users\tante\Documents\MCUXpressoIDE_11.4.0_6224\driversWorkspace\CMSISv2p00_LPC17xx\Debug\libCMSISv2p00_LPC17xx.a(lpc17xx_clkpwr.o)
 .comment       0x0000004d       0x4e C:\Users\tante\Documents\MCUXpressoIDE_11.4.0_6224\driversWorkspace\CMSISv2p00_LPC17xx\Debug\libCMSISv2p00_LPC17xx.a(lpc17xx_libcfg_default.o)
 .comment       0x0000004d       0x4e c:/nxp/mcuxpressoide_11.4.0_6224/ide/plugins/com.nxp.mcuxpresso.tools.win32_11.4.0.202103011116/tools/bin/../lib/gcc/arm-none-eabi/10.2.1/../../../../arm-none-eabi/lib/thumb/v7-m/nofp\libcr_c.a(__weak__main.o)
 .comment       0x0000004d       0x4e c:/nxp/mcuxpressoide_11.4.0_6224/ide/plugins/com.nxp.mcuxpresso.tools.win32_11.4.0.202103011116/tools/bin/../lib/gcc/arm-none-eabi/10.2.1/thumb/v7-m/nofp\libcr_eabihelpers.a(double.o)

.ARM.attributes
                0x00000000       0x2b
 .ARM.attributes
                0x00000000       0x2d ./src/TPFinal.o
 .ARM.attributes
                0x0000002d       0x2d ./src/cr_startup_lpc175x_6x.o
 .ARM.attributes
                0x0000005a       0x33 ./src/crp.o
 .ARM.attributes
                0x0000008d       0x2d C:\Users\tante\Documents\MCUXpressoIDE_11.4.0_6224\driversWorkspace\CMSISv2p00_LPC17xx\Debug\libCMSISv2p00_LPC17xx.a(system_LPC17xx.o)
 .ARM.attributes
                0x000000ba       0x2d C:\Users\tante\Documents\MCUXpressoIDE_11.4.0_6224\driversWorkspace\CMSISv2p00_LPC17xx\Debug\libCMSISv2p00_LPC17xx.a(lpc17xx_gpio.o)
 .ARM.attributes
                0x000000e7       0x2d C:\Users\tante\Documents\MCUXpressoIDE_11.4.0_6224\driversWorkspace\CMSISv2p00_LPC17xx\Debug\libCMSISv2p00_LPC17xx.a(lpc17xx_pinsel.o)
 .ARM.attributes
                0x00000114       0x2d C:\Users\tante\Documents\MCUXpressoIDE_11.4.0_6224\driversWorkspace\CMSISv2p00_LPC17xx\Debug\libCMSISv2p00_LPC17xx.a(lpc17xx_timer.o)
 .ARM.attributes
                0x00000141       0x2d C:\Users\tante\Documents\MCUXpressoIDE_11.4.0_6224\driversWorkspace\CMSISv2p00_LPC17xx\Debug\libCMSISv2p00_LPC17xx.a(lpc17xx_uart.o)
 .ARM.attributes
                0x0000016e       0x2d C:\Users\tante\Documents\MCUXpressoIDE_11.4.0_6224\driversWorkspace\CMSISv2p00_LPC17xx\Debug\libCMSISv2p00_LPC17xx.a(lpc17xx_clkpwr.o)
 .ARM.attributes
                0x0000019b       0x2d C:\Users\tante\Documents\MCUXpressoIDE_11.4.0_6224\driversWorkspace\CMSISv2p00_LPC17xx\Debug\libCMSISv2p00_LPC17xx.a(lpc17xx_libcfg_default.o)
 .ARM.attributes
                0x000001c8       0x2d c:/nxp/mcuxpressoide_11.4.0_6224/ide/plugins/com.nxp.mcuxpresso.tools.win32_11.4.0.202103011116/tools/bin/../lib/gcc/arm-none-eabi/10.2.1/../../../../arm-none-eabi/lib/thumb/v7-m/nofp\libcr_c.a(__weak__main.o)
 .ARM.attributes
                0x000001f5       0x1b c:/nxp/mcuxpressoide_11.4.0_6224/ide/plugins/com.nxp.mcuxpresso.tools.win32_11.4.0.202103011116/tools/bin/../lib/gcc/arm-none-eabi/10.2.1/thumb/v7-m/nofp\libcr_eabihelpers.a(division_64.o)
 .ARM.attributes
                0x00000210       0x1b c:/nxp/mcuxpressoide_11.4.0_6224/ide/plugins/com.nxp.mcuxpresso.tools.win32_11.4.0.202103011116/tools/bin/../lib/gcc/arm-none-eabi/10.2.1/thumb/v7-m/nofp\libcr_eabihelpers.a(division_idiv0.o)
 .ARM.attributes
                0x0000022b       0x2d c:/nxp/mcuxpressoide_11.4.0_6224/ide/plugins/com.nxp.mcuxpresso.tools.win32_11.4.0.202103011116/tools/bin/../lib/gcc/arm-none-eabi/10.2.1/thumb/v7-m/nofp\libcr_eabihelpers.a(double.o)

.debug_frame    0x00000000     0x103c
 .debug_frame   0x00000000      0x6e0 ./src/TPFinal.o
 .debug_frame   0x000006e0      0x170 ./src/cr_startup_lpc175x_6x.o
 .debug_frame   0x00000850       0x3c C:\Users\tante\Documents\MCUXpressoIDE_11.4.0_6224\driversWorkspace\CMSISv2p00_LPC17xx\Debug\libCMSISv2p00_LPC17xx.a(system_LPC17xx.o)
 .debug_frame   0x0000088c      0x228 C:\Users\tante\Documents\MCUXpressoIDE_11.4.0_6224\driversWorkspace\CMSISv2p00_LPC17xx\Debug\libCMSISv2p00_LPC17xx.a(lpc17xx_gpio.o)
 .debug_frame   0x00000ab4       0x50 C:\Users\tante\Documents\MCUXpressoIDE_11.4.0_6224\driversWorkspace\CMSISv2p00_LPC17xx\Debug\libCMSISv2p00_LPC17xx.a(lpc17xx_pinsel.o)
 .debug_frame   0x00000b04      0x174 C:\Users\tante\Documents\MCUXpressoIDE_11.4.0_6224\driversWorkspace\CMSISv2p00_LPC17xx\Debug\libCMSISv2p00_LPC17xx.a(lpc17xx_timer.o)
 .debug_frame   0x00000c78      0x304 C:\Users\tante\Documents\MCUXpressoIDE_11.4.0_6224\driversWorkspace\CMSISv2p00_LPC17xx\Debug\libCMSISv2p00_LPC17xx.a(lpc17xx_uart.o)
 .debug_frame   0x00000f7c       0xa0 C:\Users\tante\Documents\MCUXpressoIDE_11.4.0_6224\driversWorkspace\CMSISv2p00_LPC17xx\Debug\libCMSISv2p00_LPC17xx.a(lpc17xx_clkpwr.o)
 .debug_frame   0x0000101c       0x20 C:\Users\tante\Documents\MCUXpressoIDE_11.4.0_6224\driversWorkspace\CMSISv2p00_LPC17xx\Debug\libCMSISv2p00_LPC17xx.a(lpc17xx_libcfg_default.o)

.debug_loc      0x00000000     0x27a5
 .debug_loc     0x00000000      0x88e C:\Users\tante\Documents\MCUXpressoIDE_11.4.0_6224\driversWorkspace\CMSISv2p00_LPC17xx\Debug\libCMSISv2p00_LPC17xx.a(lpc17xx_gpio.o)
 .debug_loc     0x0000088e      0x1a1 C:\Users\tante\Documents\MCUXpressoIDE_11.4.0_6224\driversWorkspace\CMSISv2p00_LPC17xx\Debug\libCMSISv2p00_LPC17xx.a(lpc17xx_pinsel.o)
 .debug_loc     0x00000a2f      0x6ca C:\Users\tante\Documents\MCUXpressoIDE_11.4.0_6224\driversWorkspace\CMSISv2p00_LPC17xx\Debug\libCMSISv2p00_LPC17xx.a(lpc17xx_timer.o)
 .debug_loc     0x000010f9     0x1488 C:\Users\tante\Documents\MCUXpressoIDE_11.4.0_6224\driversWorkspace\CMSISv2p00_LPC17xx\Debug\libCMSISv2p00_LPC17xx.a(lpc17xx_uart.o)
 .debug_loc     0x00002581      0x1fa C:\Users\tante\Documents\MCUXpressoIDE_11.4.0_6224\driversWorkspace\CMSISv2p00_LPC17xx\Debug\libCMSISv2p00_LPC17xx.a(lpc17xx_clkpwr.o)
 .debug_loc     0x0000277b       0x2a C:\Users\tante\Documents\MCUXpressoIDE_11.4.0_6224\driversWorkspace\CMSISv2p00_LPC17xx\Debug\libCMSISv2p00_LPC17xx.a(lpc17xx_libcfg_default.o)

Cross Reference Table

Symbol                                            File
ADC0Value                                         ./src/TPFinal.o
ADC_IRQHandler                                    ./src/cr_startup_lpc175x_6x.o
ARR_LcdLineNumAddress_U8                          ./src/TPFinal.o
BOD_IRQHandler                                    ./src/cr_startup_lpc175x_6x.o
BusFault_Handler                                  ./src/cr_startup_lpc175x_6x.o
CANActivity_IRQHandler                            ./src/cr_startup_lpc175x_6x.o
CAN_IRQHandler                                    ./src/cr_startup_lpc175x_6x.o
CLKPWR_ConfigPPWR                                 C:\Users\tante\Documents\MCUXpressoIDE_11.4.0_6224\driversWorkspace\CMSISv2p00_LPC17xx\Debug\libCMSISv2p00_LPC17xx.a(lpc17xx_clkpwr.o)
                                                  C:\Users\tante\Documents\MCUXpressoIDE_11.4.0_6224\driversWorkspace\CMSISv2p00_LPC17xx\Debug\libCMSISv2p00_LPC17xx.a(lpc17xx_uart.o)
                                                  C:\Users\tante\Documents\MCUXpressoIDE_11.4.0_6224\driversWorkspace\CMSISv2p00_LPC17xx\Debug\libCMSISv2p00_LPC17xx.a(lpc17xx_timer.o)
CLKPWR_DeepPowerDown                              C:\Users\tante\Documents\MCUXpressoIDE_11.4.0_6224\driversWorkspace\CMSISv2p00_LPC17xx\Debug\libCMSISv2p00_LPC17xx.a(lpc17xx_clkpwr.o)
CLKPWR_DeepSleep                                  C:\Users\tante\Documents\MCUXpressoIDE_11.4.0_6224\driversWorkspace\CMSISv2p00_LPC17xx\Debug\libCMSISv2p00_LPC17xx.a(lpc17xx_clkpwr.o)
CLKPWR_GetPCLK                                    C:\Users\tante\Documents\MCUXpressoIDE_11.4.0_6224\driversWorkspace\CMSISv2p00_LPC17xx\Debug\libCMSISv2p00_LPC17xx.a(lpc17xx_clkpwr.o)
                                                  C:\Users\tante\Documents\MCUXpressoIDE_11.4.0_6224\driversWorkspace\CMSISv2p00_LPC17xx\Debug\libCMSISv2p00_LPC17xx.a(lpc17xx_uart.o)
                                                  C:\Users\tante\Documents\MCUXpressoIDE_11.4.0_6224\driversWorkspace\CMSISv2p00_LPC17xx\Debug\libCMSISv2p00_LPC17xx.a(lpc17xx_timer.o)
CLKPWR_GetPCLKSEL                                 C:\Users\tante\Documents\MCUXpressoIDE_11.4.0_6224\driversWorkspace\CMSISv2p00_LPC17xx\Debug\libCMSISv2p00_LPC17xx.a(lpc17xx_clkpwr.o)
CLKPWR_PowerDown                                  C:\Users\tante\Documents\MCUXpressoIDE_11.4.0_6224\driversWorkspace\CMSISv2p00_LPC17xx\Debug\libCMSISv2p00_LPC17xx.a(lpc17xx_clkpwr.o)
CLKPWR_SetPCLKDiv                                 C:\Users\tante\Documents\MCUXpressoIDE_11.4.0_6224\driversWorkspace\CMSISv2p00_LPC17xx\Debug\libCMSISv2p00_LPC17xx.a(lpc17xx_clkpwr.o)
                                                  C:\Users\tante\Documents\MCUXpressoIDE_11.4.0_6224\driversWorkspace\CMSISv2p00_LPC17xx\Debug\libCMSISv2p00_LPC17xx.a(lpc17xx_timer.o)
CLKPWR_Sleep                                      C:\Users\tante\Documents\MCUXpressoIDE_11.4.0_6224\driversWorkspace\CMSISv2p00_LPC17xx\Debug\libCMSISv2p00_LPC17xx.a(lpc17xx_clkpwr.o)
CRP_WORD                                          ./src/crp.o
DELAY_ms                                          ./src/TPFinal.o
DELAY_sec                                         ./src/TPFinal.o
DELAY_us                                          ./src/TPFinal.o
DMA_IRQHandler                                    ./src/cr_startup_lpc175x_6x.o
DebugMon_Handler                                  ./src/cr_startup_lpc175x_6x.o
EINT0_IRQHandler                                  ./src/TPFinal.o
EINT1_IRQHandler                                  ./src/cr_startup_lpc175x_6x.o
EINT2_IRQHandler                                  ./src/cr_startup_lpc175x_6x.o
EINT3_IRQHandler                                  ./src/cr_startup_lpc175x_6x.o
ENET_IRQHandler                                   ./src/cr_startup_lpc175x_6x.o
FIO_ByteClearValue                                C:\Users\tante\Documents\MCUXpressoIDE_11.4.0_6224\driversWorkspace\CMSISv2p00_LPC17xx\Debug\libCMSISv2p00_LPC17xx.a(lpc17xx_gpio.o)
FIO_ByteReadValue                                 C:\Users\tante\Documents\MCUXpressoIDE_11.4.0_6224\driversWorkspace\CMSISv2p00_LPC17xx\Debug\libCMSISv2p00_LPC17xx.a(lpc17xx_gpio.o)
FIO_ByteSetDir                                    C:\Users\tante\Documents\MCUXpressoIDE_11.4.0_6224\driversWorkspace\CMSISv2p00_LPC17xx\Debug\libCMSISv2p00_LPC17xx.a(lpc17xx_gpio.o)
FIO_ByteSetMask                                   C:\Users\tante\Documents\MCUXpressoIDE_11.4.0_6224\driversWorkspace\CMSISv2p00_LPC17xx\Debug\libCMSISv2p00_LPC17xx.a(lpc17xx_gpio.o)
FIO_ByteSetValue                                  C:\Users\tante\Documents\MCUXpressoIDE_11.4.0_6224\driversWorkspace\CMSISv2p00_LPC17xx\Debug\libCMSISv2p00_LPC17xx.a(lpc17xx_gpio.o)
FIO_ClearInt                                      C:\Users\tante\Documents\MCUXpressoIDE_11.4.0_6224\driversWorkspace\CMSISv2p00_LPC17xx\Debug\libCMSISv2p00_LPC17xx.a(lpc17xx_gpio.o)
FIO_ClearValue                                    C:\Users\tante\Documents\MCUXpressoIDE_11.4.0_6224\driversWorkspace\CMSISv2p00_LPC17xx\Debug\libCMSISv2p00_LPC17xx.a(lpc17xx_gpio.o)
FIO_GetIntStatus                                  C:\Users\tante\Documents\MCUXpressoIDE_11.4.0_6224\driversWorkspace\CMSISv2p00_LPC17xx\Debug\libCMSISv2p00_LPC17xx.a(lpc17xx_gpio.o)
FIO_HalfWordClearValue                            C:\Users\tante\Documents\MCUXpressoIDE_11.4.0_6224\driversWorkspace\CMSISv2p00_LPC17xx\Debug\libCMSISv2p00_LPC17xx.a(lpc17xx_gpio.o)
FIO_HalfWordReadValue                             C:\Users\tante\Documents\MCUXpressoIDE_11.4.0_6224\driversWorkspace\CMSISv2p00_LPC17xx\Debug\libCMSISv2p00_LPC17xx.a(lpc17xx_gpio.o)
FIO_HalfWordSetDir                                C:\Users\tante\Documents\MCUXpressoIDE_11.4.0_6224\driversWorkspace\CMSISv2p00_LPC17xx\Debug\libCMSISv2p00_LPC17xx.a(lpc17xx_gpio.o)
FIO_HalfWordSetMask                               C:\Users\tante\Documents\MCUXpressoIDE_11.4.0_6224\driversWorkspace\CMSISv2p00_LPC17xx\Debug\libCMSISv2p00_LPC17xx.a(lpc17xx_gpio.o)
FIO_HalfWordSetValue                              C:\Users\tante\Documents\MCUXpressoIDE_11.4.0_6224\driversWorkspace\CMSISv2p00_LPC17xx\Debug\libCMSISv2p00_LPC17xx.a(lpc17xx_gpio.o)
FIO_IntCmd                                        C:\Users\tante\Documents\MCUXpressoIDE_11.4.0_6224\driversWorkspace\CMSISv2p00_LPC17xx\Debug\libCMSISv2p00_LPC17xx.a(lpc17xx_gpio.o)
FIO_ReadValue                                     C:\Users\tante\Documents\MCUXpressoIDE_11.4.0_6224\driversWorkspace\CMSISv2p00_LPC17xx\Debug\libCMSISv2p00_LPC17xx.a(lpc17xx_gpio.o)
FIO_SetDir                                        C:\Users\tante\Documents\MCUXpressoIDE_11.4.0_6224\driversWorkspace\CMSISv2p00_LPC17xx\Debug\libCMSISv2p00_LPC17xx.a(lpc17xx_gpio.o)
FIO_SetMask                                       C:\Users\tante\Documents\MCUXpressoIDE_11.4.0_6224\driversWorkspace\CMSISv2p00_LPC17xx\Debug\libCMSISv2p00_LPC17xx.a(lpc17xx_gpio.o)
FIO_SetValue                                      C:\Users\tante\Documents\MCUXpressoIDE_11.4.0_6224\driversWorkspace\CMSISv2p00_LPC17xx\Debug\libCMSISv2p00_LPC17xx.a(lpc17xx_gpio.o)
GPIO_ClearInt                                     C:\Users\tante\Documents\MCUXpressoIDE_11.4.0_6224\driversWorkspace\CMSISv2p00_LPC17xx\Debug\libCMSISv2p00_LPC17xx.a(lpc17xx_gpio.o)
GPIO_ClearValue                                   C:\Users\tante\Documents\MCUXpressoIDE_11.4.0_6224\driversWorkspace\CMSISv2p00_LPC17xx\Debug\libCMSISv2p00_LPC17xx.a(lpc17xx_gpio.o)
GPIO_GetIntStatus                                 C:\Users\tante\Documents\MCUXpressoIDE_11.4.0_6224\driversWorkspace\CMSISv2p00_LPC17xx\Debug\libCMSISv2p00_LPC17xx.a(lpc17xx_gpio.o)
GPIO_IntCmd                                       C:\Users\tante\Documents\MCUXpressoIDE_11.4.0_6224\driversWorkspace\CMSISv2p00_LPC17xx\Debug\libCMSISv2p00_LPC17xx.a(lpc17xx_gpio.o)
GPIO_PinDirection                                 ./src/TPFinal.o
GPIO_PinFunction                                  ./src/TPFinal.o
GPIO_PinRead                                      ./src/TPFinal.o
GPIO_PinToggle                                    ./src/TPFinal.o
GPIO_PinWrite                                     ./src/TPFinal.o
GPIO_ReadValue                                    C:\Users\tante\Documents\MCUXpressoIDE_11.4.0_6224\driversWorkspace\CMSISv2p00_LPC17xx\Debug\libCMSISv2p00_LPC17xx.a(lpc17xx_gpio.o)
GPIO_SetDir                                       C:\Users\tante\Documents\MCUXpressoIDE_11.4.0_6224\driversWorkspace\CMSISv2p00_LPC17xx\Debug\libCMSISv2p00_LPC17xx.a(lpc17xx_gpio.o)
                                                  ./src/TPFinal.o
GPIO_SetValue                                     C:\Users\tante\Documents\MCUXpressoIDE_11.4.0_6224\driversWorkspace\CMSISv2p00_LPC17xx\Debug\libCMSISv2p00_LPC17xx.a(lpc17xx_gpio.o)
HardFault_Handler                                 ./src/cr_startup_lpc175x_6x.o
I2C0_IRQHandler                                   ./src/cr_startup_lpc175x_6x.o
I2C1_IRQHandler                                   ./src/cr_startup_lpc175x_6x.o
I2C2_IRQHandler                                   ./src/cr_startup_lpc175x_6x.o
I2S_IRQHandler                                    ./src/cr_startup_lpc175x_6x.o
IntDefaultHandler                                 ./src/cr_startup_lpc175x_6x.o
LCDConfig                                         ./src/TPFinal.o
LCD_Clear                                         ./src/TPFinal.o
LCD_CmdWrite                                      ./src/TPFinal.o
LCD_DisplayChar                                   ./src/TPFinal.o
LCD_DisplayFloatNumber                            ./src/TPFinal.o
LCD_DisplayNumber                                 ./src/TPFinal.o
LCD_DisplayString                                 ./src/TPFinal.o
LCD_GoToLine                                      ./src/TPFinal.o
LCD_GoToNextLine                                  ./src/TPFinal.o
LCD_Init                                          ./src/TPFinal.o
LCD_Printf                                        ./src/TPFinal.o
LCD_ScrollMessage                                 ./src/TPFinal.o
LCD_SetUp                                         ./src/TPFinal.o
MCPWM_IRQHandler                                  ./src/cr_startup_lpc175x_6x.o
MemManage_Handler                                 ./src/cr_startup_lpc175x_6x.o
NMI_Handler                                       ./src/cr_startup_lpc175x_6x.o
PINSEL_ConfigPin                                  C:\Users\tante\Documents\MCUXpressoIDE_11.4.0_6224\driversWorkspace\CMSISv2p00_LPC17xx\Debug\libCMSISv2p00_LPC17xx.a(lpc17xx_pinsel.o)
                                                  ./src/TPFinal.o
PINSEL_ConfigTraceFunc                            C:\Users\tante\Documents\MCUXpressoIDE_11.4.0_6224\driversWorkspace\CMSISv2p00_LPC17xx\Debug\libCMSISv2p00_LPC17xx.a(lpc17xx_pinsel.o)
PINSEL_SetI2C0Pins                                C:\Users\tante\Documents\MCUXpressoIDE_11.4.0_6224\driversWorkspace\CMSISv2p00_LPC17xx\Debug\libCMSISv2p00_LPC17xx.a(lpc17xx_pinsel.o)
PLL0_IRQHandler                                   ./src/cr_startup_lpc175x_6x.o
PLL1_IRQHandler                                   ./src/cr_startup_lpc175x_6x.o
PWM1_IRQHandler                                   ./src/cr_startup_lpc175x_6x.o
PendSV_Handler                                    ./src/cr_startup_lpc175x_6x.o
QEI_IRQHandler                                    ./src/cr_startup_lpc175x_6x.o
RIT_IRQHandler                                    ./src/cr_startup_lpc175x_6x.o
RTC_IRQHandler                                    ./src/cr_startup_lpc175x_6x.o
ResetISR                                          ./src/cr_startup_lpc175x_6x.o
SPI_IRQHandler                                    ./src/cr_startup_lpc175x_6x.o
SSP0_IRQHandler                                   ./src/cr_startup_lpc175x_6x.o
SSP1_IRQHandler                                   ./src/cr_startup_lpc175x_6x.o
SVC_Handler                                       ./src/cr_startup_lpc175x_6x.o
SysTick_Handler                                   ./src/cr_startup_lpc175x_6x.o
SystemCoreClock                                   C:\Users\tante\Documents\MCUXpressoIDE_11.4.0_6224\driversWorkspace\CMSISv2p00_LPC17xx\Debug\libCMSISv2p00_LPC17xx.a(system_LPC17xx.o)
                                                  C:\Users\tante\Documents\MCUXpressoIDE_11.4.0_6224\driversWorkspace\CMSISv2p00_LPC17xx\Debug\libCMSISv2p00_LPC17xx.a(lpc17xx_clkpwr.o)
SystemCoreClockUpdate                             C:\Users\tante\Documents\MCUXpressoIDE_11.4.0_6224\driversWorkspace\CMSISv2p00_LPC17xx\Debug\libCMSISv2p00_LPC17xx.a(system_LPC17xx.o)
SystemInit                                        C:\Users\tante\Documents\MCUXpressoIDE_11.4.0_6224\driversWorkspace\CMSISv2p00_LPC17xx\Debug\libCMSISv2p00_LPC17xx.a(system_LPC17xx.o)
                                                  ./src/cr_startup_lpc175x_6x.o
TIMER0_IRQHandler                                 ./src/TPFinal.o
TIMER1_IRQHandler                                 ./src/TPFinal.o
TIMER2_IRQHandler                                 ./src/cr_startup_lpc175x_6x.o
TIMER3_IRQHandler                                 ./src/cr_startup_lpc175x_6x.o
TIM_ClearIntCapturePending                        C:\Users\tante\Documents\MCUXpressoIDE_11.4.0_6224\driversWorkspace\CMSISv2p00_LPC17xx\Debug\libCMSISv2p00_LPC17xx.a(lpc17xx_timer.o)
TIM_ClearIntPending                               C:\Users\tante\Documents\MCUXpressoIDE_11.4.0_6224\driversWorkspace\CMSISv2p00_LPC17xx\Debug\libCMSISv2p00_LPC17xx.a(lpc17xx_timer.o)
TIM_Cmd                                           C:\Users\tante\Documents\MCUXpressoIDE_11.4.0_6224\driversWorkspace\CMSISv2p00_LPC17xx\Debug\libCMSISv2p00_LPC17xx.a(lpc17xx_timer.o)
                                                  ./src/TPFinal.o
TIM_ConfigCapture                                 C:\Users\tante\Documents\MCUXpressoIDE_11.4.0_6224\driversWorkspace\CMSISv2p00_LPC17xx\Debug\libCMSISv2p00_LPC17xx.a(lpc17xx_timer.o)
TIM_ConfigMatch                                   C:\Users\tante\Documents\MCUXpressoIDE_11.4.0_6224\driversWorkspace\CMSISv2p00_LPC17xx\Debug\libCMSISv2p00_LPC17xx.a(lpc17xx_timer.o)
                                                  ./src/TPFinal.o
TIM_ConfigStructInit                              C:\Users\tante\Documents\MCUXpressoIDE_11.4.0_6224\driversWorkspace\CMSISv2p00_LPC17xx\Debug\libCMSISv2p00_LPC17xx.a(lpc17xx_timer.o)
TIM_DeInit                                        C:\Users\tante\Documents\MCUXpressoIDE_11.4.0_6224\driversWorkspace\CMSISv2p00_LPC17xx\Debug\libCMSISv2p00_LPC17xx.a(lpc17xx_timer.o)
TIM_GetCaptureValue                               C:\Users\tante\Documents\MCUXpressoIDE_11.4.0_6224\driversWorkspace\CMSISv2p00_LPC17xx\Debug\libCMSISv2p00_LPC17xx.a(lpc17xx_timer.o)
TIM_GetIntCaptureStatus                           C:\Users\tante\Documents\MCUXpressoIDE_11.4.0_6224\driversWorkspace\CMSISv2p00_LPC17xx\Debug\libCMSISv2p00_LPC17xx.a(lpc17xx_timer.o)
TIM_GetIntStatus                                  C:\Users\tante\Documents\MCUXpressoIDE_11.4.0_6224\driversWorkspace\CMSISv2p00_LPC17xx\Debug\libCMSISv2p00_LPC17xx.a(lpc17xx_timer.o)
TIM_Init                                          C:\Users\tante\Documents\MCUXpressoIDE_11.4.0_6224\driversWorkspace\CMSISv2p00_LPC17xx\Debug\libCMSISv2p00_LPC17xx.a(lpc17xx_timer.o)
                                                  ./src/TPFinal.o
TIM_ResetCounter                                  C:\Users\tante\Documents\MCUXpressoIDE_11.4.0_6224\driversWorkspace\CMSISv2p00_LPC17xx\Debug\libCMSISv2p00_LPC17xx.a(lpc17xx_timer.o)
                                                  ./src/TPFinal.o
TIM_UpdateMatchValue                              C:\Users\tante\Documents\MCUXpressoIDE_11.4.0_6224\driversWorkspace\CMSISv2p00_LPC17xx\Debug\libCMSISv2p00_LPC17xx.a(lpc17xx_timer.o)
                                                  ./src/TPFinal.o
UART0_IRQHandler                                  ./src/cr_startup_lpc175x_6x.o
UART1_IRQHandler                                  ./src/cr_startup_lpc175x_6x.o
UART2_IRQHandler                                  ./src/cr_startup_lpc175x_6x.o
UART3_IRQHandler                                  ./src/cr_startup_lpc175x_6x.o
UART_ABClearIntPending                            C:\Users\tante\Documents\MCUXpressoIDE_11.4.0_6224\driversWorkspace\CMSISv2p00_LPC17xx\Debug\libCMSISv2p00_LPC17xx.a(lpc17xx_uart.o)
UART_ABCmd                                        C:\Users\tante\Documents\MCUXpressoIDE_11.4.0_6224\driversWorkspace\CMSISv2p00_LPC17xx\Debug\libCMSISv2p00_LPC17xx.a(lpc17xx_uart.o)
UART_CheckBusy                                    C:\Users\tante\Documents\MCUXpressoIDE_11.4.0_6224\driversWorkspace\CMSISv2p00_LPC17xx\Debug\libCMSISv2p00_LPC17xx.a(lpc17xx_uart.o)
UART_ConfigStructInit                             C:\Users\tante\Documents\MCUXpressoIDE_11.4.0_6224\driversWorkspace\CMSISv2p00_LPC17xx\Debug\libCMSISv2p00_LPC17xx.a(lpc17xx_uart.o)
                                                  ./src/TPFinal.o
UART_DeInit                                       C:\Users\tante\Documents\MCUXpressoIDE_11.4.0_6224\driversWorkspace\CMSISv2p00_LPC17xx\Debug\libCMSISv2p00_LPC17xx.a(lpc17xx_uart.o)
UART_FIFOConfig                                   C:\Users\tante\Documents\MCUXpressoIDE_11.4.0_6224\driversWorkspace\CMSISv2p00_LPC17xx\Debug\libCMSISv2p00_LPC17xx.a(lpc17xx_uart.o)
                                                  ./src/TPFinal.o
UART_FIFOConfigStructInit                         C:\Users\tante\Documents\MCUXpressoIDE_11.4.0_6224\driversWorkspace\CMSISv2p00_LPC17xx\Debug\libCMSISv2p00_LPC17xx.a(lpc17xx_uart.o)
                                                  ./src/TPFinal.o
UART_ForceBreak                                   C:\Users\tante\Documents\MCUXpressoIDE_11.4.0_6224\driversWorkspace\CMSISv2p00_LPC17xx\Debug\libCMSISv2p00_LPC17xx.a(lpc17xx_uart.o)
UART_FullModemConfigMode                          C:\Users\tante\Documents\MCUXpressoIDE_11.4.0_6224\driversWorkspace\CMSISv2p00_LPC17xx\Debug\libCMSISv2p00_LPC17xx.a(lpc17xx_uart.o)
UART_FullModemForcePinState                       C:\Users\tante\Documents\MCUXpressoIDE_11.4.0_6224\driversWorkspace\CMSISv2p00_LPC17xx\Debug\libCMSISv2p00_LPC17xx.a(lpc17xx_uart.o)
UART_FullModemGetStatus                           C:\Users\tante\Documents\MCUXpressoIDE_11.4.0_6224\driversWorkspace\CMSISv2p00_LPC17xx\Debug\libCMSISv2p00_LPC17xx.a(lpc17xx_uart.o)
UART_GetIntId                                     C:\Users\tante\Documents\MCUXpressoIDE_11.4.0_6224\driversWorkspace\CMSISv2p00_LPC17xx\Debug\libCMSISv2p00_LPC17xx.a(lpc17xx_uart.o)
UART_GetLineStatus                                C:\Users\tante\Documents\MCUXpressoIDE_11.4.0_6224\driversWorkspace\CMSISv2p00_LPC17xx\Debug\libCMSISv2p00_LPC17xx.a(lpc17xx_uart.o)
UART_Init                                         C:\Users\tante\Documents\MCUXpressoIDE_11.4.0_6224\driversWorkspace\CMSISv2p00_LPC17xx\Debug\libCMSISv2p00_LPC17xx.a(lpc17xx_uart.o)
                                                  ./src/TPFinal.o
UART_IntConfig                                    C:\Users\tante\Documents\MCUXpressoIDE_11.4.0_6224\driversWorkspace\CMSISv2p00_LPC17xx\Debug\libCMSISv2p00_LPC17xx.a(lpc17xx_uart.o)
UART_IrDACmd                                      C:\Users\tante\Documents\MCUXpressoIDE_11.4.0_6224\driversWorkspace\CMSISv2p00_LPC17xx\Debug\libCMSISv2p00_LPC17xx.a(lpc17xx_uart.o)
UART_IrDAInvtInputCmd                             C:\Users\tante\Documents\MCUXpressoIDE_11.4.0_6224\driversWorkspace\CMSISv2p00_LPC17xx\Debug\libCMSISv2p00_LPC17xx.a(lpc17xx_uart.o)
UART_IrDAPulseDivConfig                           C:\Users\tante\Documents\MCUXpressoIDE_11.4.0_6224\driversWorkspace\CMSISv2p00_LPC17xx\Debug\libCMSISv2p00_LPC17xx.a(lpc17xx_uart.o)
UART_RS485Config                                  C:\Users\tante\Documents\MCUXpressoIDE_11.4.0_6224\driversWorkspace\CMSISv2p00_LPC17xx\Debug\libCMSISv2p00_LPC17xx.a(lpc17xx_uart.o)
UART_RS485ReceiverCmd                             C:\Users\tante\Documents\MCUXpressoIDE_11.4.0_6224\driversWorkspace\CMSISv2p00_LPC17xx\Debug\libCMSISv2p00_LPC17xx.a(lpc17xx_uart.o)
UART_RS485Send                                    C:\Users\tante\Documents\MCUXpressoIDE_11.4.0_6224\driversWorkspace\CMSISv2p00_LPC17xx\Debug\libCMSISv2p00_LPC17xx.a(lpc17xx_uart.o)
UART_RS485SendData                                C:\Users\tante\Documents\MCUXpressoIDE_11.4.0_6224\driversWorkspace\CMSISv2p00_LPC17xx\Debug\libCMSISv2p00_LPC17xx.a(lpc17xx_uart.o)
UART_RS485SendSlvAddr                             C:\Users\tante\Documents\MCUXpressoIDE_11.4.0_6224\driversWorkspace\CMSISv2p00_LPC17xx\Debug\libCMSISv2p00_LPC17xx.a(lpc17xx_uart.o)
UART_Receive                                      C:\Users\tante\Documents\MCUXpressoIDE_11.4.0_6224\driversWorkspace\CMSISv2p00_LPC17xx\Debug\libCMSISv2p00_LPC17xx.a(lpc17xx_uart.o)
UART_ReceiveByte                                  C:\Users\tante\Documents\MCUXpressoIDE_11.4.0_6224\driversWorkspace\CMSISv2p00_LPC17xx\Debug\libCMSISv2p00_LPC17xx.a(lpc17xx_uart.o)
UART_Send                                         C:\Users\tante\Documents\MCUXpressoIDE_11.4.0_6224\driversWorkspace\CMSISv2p00_LPC17xx\Debug\libCMSISv2p00_LPC17xx.a(lpc17xx_uart.o)
                                                  ./src/TPFinal.o
UART_SendByte                                     C:\Users\tante\Documents\MCUXpressoIDE_11.4.0_6224\driversWorkspace\CMSISv2p00_LPC17xx\Debug\libCMSISv2p00_LPC17xx.a(lpc17xx_uart.o)
UART_TxCmd                                        C:\Users\tante\Documents\MCUXpressoIDE_11.4.0_6224\driversWorkspace\CMSISv2p00_LPC17xx\Debug\libCMSISv2p00_LPC17xx.a(lpc17xx_uart.o)
                                                  ./src/TPFinal.o
USBActivity_IRQHandler                            ./src/cr_startup_lpc175x_6x.o
USB_IRQHandler                                    ./src/cr_startup_lpc175x_6x.o
UsageFault_Handler                                ./src/cr_startup_lpc175x_6x.o
WDT_IRQHandler                                    ./src/cr_startup_lpc175x_6x.o
__aeabi_cdcmpeq                                   c:/nxp/mcuxpressoide_11.4.0_6224/ide/plugins/com.nxp.mcuxpresso.tools.win32_11.4.0.202103011116/tools/bin/../lib/gcc/arm-none-eabi/10.2.1/thumb/v7-m/nofp\libcr_eabihelpers.a(double.o)
__aeabi_cdcmple                                   c:/nxp/mcuxpressoide_11.4.0_6224/ide/plugins/com.nxp.mcuxpresso.tools.win32_11.4.0.202103011116/tools/bin/../lib/gcc/arm-none-eabi/10.2.1/thumb/v7-m/nofp\libcr_eabihelpers.a(double.o)
__aeabi_cdrcmple                                  c:/nxp/mcuxpressoide_11.4.0_6224/ide/plugins/com.nxp.mcuxpresso.tools.win32_11.4.0.202103011116/tools/bin/../lib/gcc/arm-none-eabi/10.2.1/thumb/v7-m/nofp\libcr_eabihelpers.a(double.o)
__aeabi_d2f                                       c:/nxp/mcuxpressoide_11.4.0_6224/ide/plugins/com.nxp.mcuxpresso.tools.win32_11.4.0.202103011116/tools/bin/../lib/gcc/arm-none-eabi/10.2.1/thumb/v7-m/nofp\libcr_eabihelpers.a(double.o)
__aeabi_d2iz                                      c:/nxp/mcuxpressoide_11.4.0_6224/ide/plugins/com.nxp.mcuxpresso.tools.win32_11.4.0.202103011116/tools/bin/../lib/gcc/arm-none-eabi/10.2.1/thumb/v7-m/nofp\libcr_eabihelpers.a(double.o)
__aeabi_d2lz                                      c:/nxp/mcuxpressoide_11.4.0_6224/ide/plugins/com.nxp.mcuxpresso.tools.win32_11.4.0.202103011116/tools/bin/../lib/gcc/arm-none-eabi/10.2.1/thumb/v7-m/nofp\libcr_eabihelpers.a(double.o)
__aeabi_d2uiz                                     c:/nxp/mcuxpressoide_11.4.0_6224/ide/plugins/com.nxp.mcuxpresso.tools.win32_11.4.0.202103011116/tools/bin/../lib/gcc/arm-none-eabi/10.2.1/thumb/v7-m/nofp\libcr_eabihelpers.a(double.o)
                                                  ./src/TPFinal.o
__aeabi_d2ulz                                     c:/nxp/mcuxpressoide_11.4.0_6224/ide/plugins/com.nxp.mcuxpresso.tools.win32_11.4.0.202103011116/tools/bin/../lib/gcc/arm-none-eabi/10.2.1/thumb/v7-m/nofp\libcr_eabihelpers.a(double.o)
__aeabi_dadd                                      c:/nxp/mcuxpressoide_11.4.0_6224/ide/plugins/com.nxp.mcuxpresso.tools.win32_11.4.0.202103011116/tools/bin/../lib/gcc/arm-none-eabi/10.2.1/thumb/v7-m/nofp\libcr_eabihelpers.a(double.o)
__aeabi_dcmpeq                                    c:/nxp/mcuxpressoide_11.4.0_6224/ide/plugins/com.nxp.mcuxpresso.tools.win32_11.4.0.202103011116/tools/bin/../lib/gcc/arm-none-eabi/10.2.1/thumb/v7-m/nofp\libcr_eabihelpers.a(double.o)
__aeabi_dcmpge                                    c:/nxp/mcuxpressoide_11.4.0_6224/ide/plugins/com.nxp.mcuxpresso.tools.win32_11.4.0.202103011116/tools/bin/../lib/gcc/arm-none-eabi/10.2.1/thumb/v7-m/nofp\libcr_eabihelpers.a(double.o)
__aeabi_dcmpgt                                    c:/nxp/mcuxpressoide_11.4.0_6224/ide/plugins/com.nxp.mcuxpresso.tools.win32_11.4.0.202103011116/tools/bin/../lib/gcc/arm-none-eabi/10.2.1/thumb/v7-m/nofp\libcr_eabihelpers.a(double.o)
__aeabi_dcmple                                    c:/nxp/mcuxpressoide_11.4.0_6224/ide/plugins/com.nxp.mcuxpresso.tools.win32_11.4.0.202103011116/tools/bin/../lib/gcc/arm-none-eabi/10.2.1/thumb/v7-m/nofp\libcr_eabihelpers.a(double.o)
__aeabi_dcmplt                                    c:/nxp/mcuxpressoide_11.4.0_6224/ide/plugins/com.nxp.mcuxpresso.tools.win32_11.4.0.202103011116/tools/bin/../lib/gcc/arm-none-eabi/10.2.1/thumb/v7-m/nofp\libcr_eabihelpers.a(double.o)
__aeabi_dcmpun                                    c:/nxp/mcuxpressoide_11.4.0_6224/ide/plugins/com.nxp.mcuxpresso.tools.win32_11.4.0.202103011116/tools/bin/../lib/gcc/arm-none-eabi/10.2.1/thumb/v7-m/nofp\libcr_eabihelpers.a(double.o)
__aeabi_ddiv                                      c:/nxp/mcuxpressoide_11.4.0_6224/ide/plugins/com.nxp.mcuxpresso.tools.win32_11.4.0.202103011116/tools/bin/../lib/gcc/arm-none-eabi/10.2.1/thumb/v7-m/nofp\libcr_eabihelpers.a(double.o)
__aeabi_dmul                                      c:/nxp/mcuxpressoide_11.4.0_6224/ide/plugins/com.nxp.mcuxpresso.tools.win32_11.4.0.202103011116/tools/bin/../lib/gcc/arm-none-eabi/10.2.1/thumb/v7-m/nofp\libcr_eabihelpers.a(double.o)
                                                  ./src/TPFinal.o
__aeabi_dneg                                      c:/nxp/mcuxpressoide_11.4.0_6224/ide/plugins/com.nxp.mcuxpresso.tools.win32_11.4.0.202103011116/tools/bin/../lib/gcc/arm-none-eabi/10.2.1/thumb/v7-m/nofp\libcr_eabihelpers.a(double.o)
__aeabi_drsub                                     c:/nxp/mcuxpressoide_11.4.0_6224/ide/plugins/com.nxp.mcuxpresso.tools.win32_11.4.0.202103011116/tools/bin/../lib/gcc/arm-none-eabi/10.2.1/thumb/v7-m/nofp\libcr_eabihelpers.a(double.o)
__aeabi_dsub                                      c:/nxp/mcuxpressoide_11.4.0_6224/ide/plugins/com.nxp.mcuxpresso.tools.win32_11.4.0.202103011116/tools/bin/../lib/gcc/arm-none-eabi/10.2.1/thumb/v7-m/nofp\libcr_eabihelpers.a(double.o)
                                                  ./src/TPFinal.o
__aeabi_i2d                                       c:/nxp/mcuxpressoide_11.4.0_6224/ide/plugins/com.nxp.mcuxpresso.tools.win32_11.4.0.202103011116/tools/bin/../lib/gcc/arm-none-eabi/10.2.1/thumb/v7-m/nofp\libcr_eabihelpers.a(double.o)
__aeabi_idiv0                                     c:/nxp/mcuxpressoide_11.4.0_6224/ide/plugins/com.nxp.mcuxpresso.tools.win32_11.4.0.202103011116/tools/bin/../lib/gcc/arm-none-eabi/10.2.1/thumb/v7-m/nofp\libcr_eabihelpers.a(division_idiv0.o)
                                                  c:/nxp/mcuxpressoide_11.4.0_6224/ide/plugins/com.nxp.mcuxpresso.tools.win32_11.4.0.202103011116/tools/bin/../lib/gcc/arm-none-eabi/10.2.1/thumb/v7-m/nofp\libcr_eabihelpers.a(division_64.o)
__aeabi_l2d                                       c:/nxp/mcuxpressoide_11.4.0_6224/ide/plugins/com.nxp.mcuxpresso.tools.win32_11.4.0.202103011116/tools/bin/../lib/gcc/arm-none-eabi/10.2.1/thumb/v7-m/nofp\libcr_eabihelpers.a(double.o)
__aeabi_ldivmod                                   c:/nxp/mcuxpressoide_11.4.0_6224/ide/plugins/com.nxp.mcuxpresso.tools.win32_11.4.0.202103011116/tools/bin/../lib/gcc/arm-none-eabi/10.2.1/thumb/v7-m/nofp\libcr_eabihelpers.a(division_64.o)
                                                  C:\Users\tante\Documents\MCUXpressoIDE_11.4.0_6224\driversWorkspace\CMSISv2p00_LPC17xx\Debug\libCMSISv2p00_LPC17xx.a(system_LPC17xx.o)
__aeabi_ui2d                                      c:/nxp/mcuxpressoide_11.4.0_6224/ide/plugins/com.nxp.mcuxpresso.tools.win32_11.4.0.202103011116/tools/bin/../lib/gcc/arm-none-eabi/10.2.1/thumb/v7-m/nofp\libcr_eabihelpers.a(double.o)
                                                  ./src/TPFinal.o
__aeabi_ul2d                                      c:/nxp/mcuxpressoide_11.4.0_6224/ide/plugins/com.nxp.mcuxpresso.tools.win32_11.4.0.202103011116/tools/bin/../lib/gcc/arm-none-eabi/10.2.1/thumb/v7-m/nofp\libcr_eabihelpers.a(double.o)
__aeabi_uldivmod                                  c:/nxp/mcuxpressoide_11.4.0_6224/ide/plugins/com.nxp.mcuxpresso.tools.win32_11.4.0.202103011116/tools/bin/../lib/gcc/arm-none-eabi/10.2.1/thumb/v7-m/nofp\libcr_eabihelpers.a(division_64.o)
                                                  C:\Users\tante\Documents\MCUXpressoIDE_11.4.0_6224\driversWorkspace\CMSISv2p00_LPC17xx\Debug\libCMSISv2p00_LPC17xx.a(lpc17xx_timer.o)
                                                  C:\Users\tante\Documents\MCUXpressoIDE_11.4.0_6224\driversWorkspace\CMSISv2p00_LPC17xx\Debug\libCMSISv2p00_LPC17xx.a(system_LPC17xx.o)
__bhs_ldivmod1                                    c:/nxp/mcuxpressoide_11.4.0_6224/ide/plugins/com.nxp.mcuxpresso.tools.win32_11.4.0.202103011116/tools/bin/../lib/gcc/arm-none-eabi/10.2.1/thumb/v7-m/nofp\libcr_eabihelpers.a(division_64.o)
__bhs_ui2d                                        c:/nxp/mcuxpressoide_11.4.0_6224/ide/plugins/com.nxp.mcuxpresso.tools.win32_11.4.0.202103011116/tools/bin/../lib/gcc/arm-none-eabi/10.2.1/thumb/v7-m/nofp\libcr_eabihelpers.a(double.o)
__bhs_ul2d                                        c:/nxp/mcuxpressoide_11.4.0_6224/ide/plugins/com.nxp.mcuxpresso.tools.win32_11.4.0.202103011116/tools/bin/../lib/gcc/arm-none-eabi/10.2.1/thumb/v7-m/nofp\libcr_eabihelpers.a(double.o)
__bss_section_table_end                           ./src/cr_startup_lpc175x_6x.o
__data_section_table                              ./src/cr_startup_lpc175x_6x.o
__data_section_table_end                          ./src/cr_startup_lpc175x_6x.o
__main                                            c:/nxp/mcuxpressoide_11.4.0_6224/ide/plugins/com.nxp.mcuxpresso.tools.win32_11.4.0.202103011116/tools/bin/../lib/gcc/arm-none-eabi/10.2.1/../../../../arm-none-eabi/lib/thumb/v7-m/nofp\libcr_c.a(__weak__main.o)
                                                  ./src/cr_startup_lpc175x_6x.o
__valid_user_code_checksum                        ./src/cr_startup_lpc175x_6x.o
__weak_main                                       c:/nxp/mcuxpressoide_11.4.0_6224/ide/plugins/com.nxp.mcuxpresso.tools.win32_11.4.0.202103011116/tools/bin/../lib/gcc/arm-none-eabi/10.2.1/../../../../arm-none-eabi/lib/thumb/v7-m/nofp\libcr_c.a(__weak__main.o)
_vStackTop                                        ./src/cr_startup_lpc175x_6x.o
act_timer                                         ./src/TPFinal.o
bss_init                                          ./src/cr_startup_lpc175x_6x.o
check_failed                                      C:\Users\tante\Documents\MCUXpressoIDE_11.4.0_6224\driversWorkspace\CMSISv2p00_LPC17xx\Debug\libCMSISv2p00_LPC17xx.a(lpc17xx_libcfg_default.o)
                                                  C:\Users\tante\Documents\MCUXpressoIDE_11.4.0_6224\driversWorkspace\CMSISv2p00_LPC17xx\Debug\libCMSISv2p00_LPC17xx.a(lpc17xx_uart.o)
                                                  C:\Users\tante\Documents\MCUXpressoIDE_11.4.0_6224\driversWorkspace\CMSISv2p00_LPC17xx\Debug\libCMSISv2p00_LPC17xx.a(lpc17xx_timer.o)
comparacion                                       ./src/TPFinal.o
conf_adc                                          ./src/TPFinal.o
conf_int_boton                                    ./src/TPFinal.o
conf_pin_buzzer                                   ./src/TPFinal.o
conf_pin_uart                                     ./src/TPFinal.o
conf_pines_leds                                   ./src/TPFinal.o
conf_pines_sensor                                 ./src/TPFinal.o
conf_uart                                         ./src/TPFinal.o
config_timer0                                     ./src/TPFinal.o
config_timer1                                     ./src/TPFinal.o
config_timer2                                     ./src/TPFinal.o
config_timer3                                     ./src/TPFinal.o
cont_nivel                                        ./src/TPFinal.o
cont_nuevo_nivel                                  ./src/TPFinal.o
data_init                                         ./src/cr_startup_lpc175x_6x.o
debounce_cont                                     ./src/TPFinal.o
disparo_medicion                                  ./src/TPFinal.o
dist_limite                                       ./src/TPFinal.o
dist_medida                                       ./src/TPFinal.o
enviar_info_uart                                  ./src/TPFinal.o
estado_boton_anterior                             ./src/TPFinal.o
g_pfnVectors                                      ./src/cr_startup_lpc175x_6x.o
main                                              ./src/TPFinal.o
                                                  c:/nxp/mcuxpressoide_11.4.0_6224/ide/plugins/com.nxp.mcuxpresso.tools.win32_11.4.0.202103011116/tools/bin/../lib/gcc/arm-none-eabi/10.2.1/../../../../arm-none-eabi/lib/thumb/v7-m/nofp\libcr_c.a(__weak__main.o)
modo_seteo                                        ./src/TPFinal.o
nivel_actual                                      ./src/TPFinal.o
nivel_anterior                                    ./src/TPFinal.o
off_buzzer                                        ./src/TPFinal.o
print_midiendo                                    ./src/TPFinal.o
seteo                                             ./src/TPFinal.o
tiempo_echo                                       ./src/TPFinal.o
v_LcdTrackCursorPos_U8                            ./src/TPFinal.o
v_LcdTrackLineNum_U8                              ./src/TPFinal.o
